[16:12:21][INFO][SYSTEM] Emulator started
[16:12:21][INFO][SYSTEM] --- ZoniStation One Emulator ---
[16:12:21][INFO][SYSTEM] Attempting to load BIOS from: roms/SCPH1001.BIN
[16:12:21][INFO][SYSTEM] Initializing SDL Video...
[16:12:21][INFO][SYSTEM] Creating SDL Window (1024x512, OpenGL)...
[16:12:21][INFO][SYSTEM] Creating OpenGL Context...
[16:12:21][INFO][SYSTEM] Initializing GLEW...
[16:12:21][INFO][SYSTEM] GLEW Initialized. OpenGL Version: 4.5 (Core Profile) Mesa 25.0.7-0ubuntu0.24.04.2
[16:12:21][INFO][SYSTEM] Initializing Emulator Components...
[16:12:21][INFO][SYSTEM]   Initializing RAM...
[16:12:21][INFO][RAM] RAM initialized
[16:12:21][INFO][BIOS] BIOS loaded successfully from roms/SCPH1001.BIN (524288 bytes)
[16:12:21][DEBUG][INTERCONNECT] Interconnect initialized
[16:12:21][INFO][DMA] DMA initialized
[16:12:21][INFO][GPU] GPU full initialization (with VRAM)
[16:12:21][INFO][GPU] GPU Initializing (full)...
[16:12:21][INFO][VRAM] VRAM initialized
[16:12:21][INFO][VRAM] VRAM Initialized (1048576 bytes, filled with 0x00).
[16:12:21][INFO][GPU] GPU Initialized (State reset, VRAM initialized).
[16:12:21][INFO][TIMER] Timers initialized
[16:12:21][DEBUG][INTERCONNECT] Interconnect Initialized (BIOS, RAM, DMA, GPU, CDROM, SIO, IRQ states set).
[16:12:21][INFO][RENDERER] [RENDERER] Initializing renderer
[16:12:21][INFO][RENDERER] Initializing Renderer...
[16:12:21][INFO][RENDERER] Compiling vertex shader...
[16:12:21][INFO][RENDERER] Shader compiled successfully (Type: Vertex)
[16:12:21][INFO][RENDERER] Compiling fragment shader...
[16:12:21][INFO][RENDERER] Shader compiled successfully (Type: Fragment)
[16:12:21][INFO][RENDERER] Linking shader program...
[16:12:21][INFO][RENDERER] Shader program linked successfully (ID: 3)
[16:12:21][INFO][RENDERER] Found uniform 'offset' at location: 0
[16:12:21][INFO][RENDERER] Creating VAO...
[16:12:21][ERROR][CDROM] [CDROM] Failed to open BIN file: games/Crash Bandicoot.bin
[16:12:21][INFO][CPU] CPU initialization started
[16:12:21][DEBUG][CPU] Initializing I-Cache...
[16:12:21][DEBUG][CPU] Initializing GTE...
[16:12:21][INFO][GTE] GTE initialized
[16:12:21][DEBUG][GTE] Initializing GTE...
[16:12:21][DEBUG][GTE] GTE Initialized
[16:12:21][INFO][CPU] CPU initialized, PC=0xbfc00000
[16:12:21][DEBUG][INTERCONNECT] Interconnect CPU pointer set (exception triggering enabled).
[16:12:21][DEBUG][EVENT] [EventQ][DEF] Scheduled Timer0 event: now=32625, target=33649, pending=0x1D4FA353
[16:12:21][INFO][CPU] *** BOOT STAGE: BIOS_INIT ***
[16:12:21][INFO][CPU] Kernel initialization: PC in ROM (0xbfc00000-0xbfc10000)
[16:12:21][DEBUG][EVENT] [DMA] Entered GPU DMA event handler
[16:12:21][DEBUG][EVENT] [DMA] GPU DMA event handler called
[16:12:21][DEBUG][EVENT] [DMA] GPU DMA event fired, but channel not enabled (already done?)
[16:12:21][DEBUG][INTERCONNECT] ~ Write32 to RAM_SIZE register (0x00000b88) = 0x00008371 (Ignoring)
[16:12:21][DEBUG][INTERCONNECT] ~ Write32 to CACHE_CONTROL register (0xfffe0130) = 0x00000804 (Ignoring)
[16:12:21][DEBUG][CPU] MTC0 write to SR: 0x00010000 (PC=0xbfc0023c)
[16:12:21][DEBUG][CPU] MTC0 write to SR: 0x00000000 (PC=0xbfc00278)
[16:12:21][DEBUG][CPU] MTC0 write to SR: 0x00010000 (PC=0xbfc0028c)
[16:12:21][DEBUG][EVENT] [EventQ][DEF] Firing Timer0 event: now=33649, target=33649, pending=0x1D4FA003
[16:12:21][DEBUG][EVENT] [EventQ] DISPATCH Timer0 event handler called (count=1)
[16:12:21][DEBUG][TIMER] [TIMER] timer_event_handler called for Timer0
[16:12:21][DEBUG][TIMER] [TIMER] Timer0 event triggered (counter=0x0000, mode=0x0000, target=0x0000)
[16:12:21][DEBUG][TIMER] [TIMER] timers_schedule_next_event for Timer0
[16:12:21][DEBUG][EVENT] [EventQ][DEF] Scheduled Timer0 event: now=33649, target=598129, pending=0x1D4FA003
[16:12:21][DEBUG][CPU] MTC0 write to SR: 0x00000000 (PC=0xbfc00328)
[16:12:21][DEBUG][IRQ] Write to I_STAT: Value=0x00000000, Before=0x0000, PC=0xbfc06898
[16:12:21][DEBUG][IRQ] I_STAT after: 0x0000, cleared bits: 0x0000, line_state: 0x0000
[16:12:21][DEBUG][TIMER] [Timer0] Write16: offset=0x4 value=0x0000
[16:12:21][DEBUG][TIMER] [Timer0] Write16: offset=0x8 value=0x0000
[16:12:21][DEBUG][TIMER] [Timer0] Target set: 0x0000
[16:12:21][DEBUG][TIMER] [Timer0] Write16: offset=0x0 value=0x0000
[16:12:21][DEBUG][TIMER] [Timer1] Write16: offset=0x4 value=0x0000
[16:12:21][DEBUG][TIMER] [Timer1] Write16: offset=0x8 value=0x0000
[16:12:22][DEBUG][IRQ] IRQ0 requested by VBlank. I_STAT before=0x0000
[16:12:22][DEBUG][IRQ] IRQ0 rising edge: I_STAT=0x0001, I_MASK=0x0000
[16:12:22][DEBUG][IRQ] IRQ0 set. I_STAT after=0x0001
[16:12:22][DEBUG][EVENT] [EventQ][DEF] Firing Timer0 event: now=598129, target=598129, pending=0x1D4FA003
[16:12:22][DEBUG][EVENT] [EventQ] DISPATCH Timer0 event handler called (count=2)
[16:12:22][DEBUG][EVENT] [EventQ][DEF] Scheduled Timer0 event: now=598129, target=1162609, pending=0x1D4FA003
[16:12:22][DEBUG][DMA] ~ Write32 to DMA region: Addr=0x1f8010f0 Offset=0x70 = 0x076f4321
[16:12:26][DEBUG][GPU] [GPUSTAT] Read: 0x1cc02000 (VBlank=1)
[16:12:26][DEBUG][GPU] [GP0] Command: 0xe1003000 (Opcode: 0xe1)
[16:12:26][DEBUG][GPU] [GPUSTAT] Read: 0x1dc02000 (VBlank=1)
[16:12:26][DEBUG][GPU] [GP0] Command: 0xe1003000 (Opcode: 0xe1)
[16:12:26][DEBUG][GPU] [GPUSTAT] Read: 0x1cc02000 (VBlank=1)
[16:12:26][DEBUG][GPU] [GP0] Command: 0xe1003000 (Opcode: 0xe1)
[16:12:26][DEBUG][GPU] [GPUSTAT] Read: 0x1dc02000 (VBlank=1)
[16:12:26][DEBUG][DMA] ~ Write32 to DMA region: Addr=0x1f8010f4 Offset=0x74 = 0x00000000
[16:12:26][DEBUG][DMA] [DMA] DICR write: value=0x00000000, channel_irq_enable=0x00, master_irq_enable=0
[16:12:26][DEBUG][DMA] ~ Write32 to DMA region: Addr=0x1f8010f4 Offset=0x74 = 0x04840000
[16:12:26][DEBUG][GPU] [GP0] Command: 0x00000000 (Opcode: 0x00)
[16:12:26][DEBUG][GPU] [GP0] Command: 0x85555000 (Opcode: 0x85)
[16:12:26][DEBUG][GPU] [GP0] Command: 0x85555555 (Opcode: 0x85)
[16:12:27][DEBUG][GPU] [GP0] Command: 0x00000000 (Opcode: 0x00)
[16:12:27][DEBUG][GPU] [GP0] Command: 0x00000000 (Opcode: 0x00)
[16:12:27][DEBUG][GPU] [GP0] Command: 0x56000000 (Opcode: 0x56)
[16:12:27][DEBUG][GPU] GPU: DMA Direction = 2 (GP1 Cmd 0x04)
[16:12:27][DEBUG][DMA] ~ Write32 to DMA region: Addr=0x1f8010a0 Offset=0x20 = 0x800eccf4
[16:12:27][DEBUG][GPU] [GPUSTAT] Read: 0x1c43220a (VBlank=0)
[16:12:28][DEBUG][DMA]   DMA Channel 2 activated by write to offset 0x28.
[16:12:28][DEBUG][GPU] [GP1] Command: 0x08000027 (Opcode: 0x08)
[16:12:28][INFO][DMA] DMA Block/Request: Chan=6, Dir=TO_RAM, Sync=MANUAL, Step=-4, Addr=0x000eccf4, Size=1024 words
[16:12:28][DEBUG][GPU] [GP0] Command: 0x00000000 (Opcode: 0x00)
[16:12:28][DEBUG][TIMER] [TIMER] timer_event_handler called for Timer0
[16:12:28][DEBUG][GPU] [GP0] Command: 0x000000b2 (Opcode: 0x00)
[16:12:29][DEBUG][DMA] ~ Write32 to DMA region: Addr=0x1f8010e8 Offset=0x68 = 0x00000000
[16:12:29][DEBUG][GPU] [GP0] Command: 0x00008cb2 (Opcode: 0x00)
[16:12:29][DEBUG][GPU] [GP0] Command: 0x000e00ef (Opcode: 0x00)
[16:12:29][DEBUG][DMA]   DMA Channel 2 activated by write to offset 0x28.
[16:12:29][INFO][GPU] GP0(0x01): Clear Cache (Ignoring - No texture cache implemented)
[16:12:29][DEBUG][GPU] [GP0] Command: 0x017e01b8 (Opcode: 0x01)
[16:12:29][DEBUG][RENDERER] Renderer: Draw finished, vertex count reset.
[16:12:30][DEBUG][GPU] [GP1] Command: 0x04000000 (Opcode: 0x04)
[16:12:30][INFO][DMA] DMA GPU Linked List: End marker (0x800000) found in header 0x06ffffff.
[16:12:30][DEBUG][GPU] [GP1] Command: 0x05000800 (Opcode: 0x05)
[16:12:30][DEBUG][SYSTEM] [BIOS_REGION] PC=0x8005a910: CDROM Check (RAM)
[16:12:30][DEBUG][GPU] [GP0] Command: 0x01e00000 (Opcode: 0x01)
[16:12:30][DEBUG][DMA] ~ Write32 to DMA region: Addr=0x1f8010a0 Offset=0x20 = 0x800ea884
[16:12:30][DEBUG][GPU] [GP0] Command: 0x300000b2 (Opcode: 0x30)
[16:12:31][DEBUG][GPU] [GP0] Command: 0x017e00c8 (Opcode: 0x01)
[16:12:31][DEBUG][DMA] DMA Channel 6 activated by write to offset 0x68.
[16:12:31][DEBUG][GPU] [GP0] Command: 0x00002fef (Opcode: 0x00)
[16:12:31][DEBUG][GPU] [GP0] Command: 0xe2000000 (Opcode: 0xe2)
[16:12:31][DEBUG][RENDERER] Renderer: Drawing 18 vertices...
[16:12:31][DEBUG][GPU] [GP0] Command: 0x00000000 (Opcode: 0x00)
[16:12:31][INFO][DMA] DMA GPU Linked List: End marker (0x800000) found in header 0x00ffffff.
[16:12:31][DEBUG][CDROM] [CDROM] INT ACK: 0x1F, remaining: 0
[16:12:31][DEBUG][CDROM] [CDROM] INT ACK: 0x00, remaining: 0
[16:12:31][INFO][CDROM] [CDROM] Command: 0x19
[16:12:31][DEBUG][CDROM] [CDROM] command_event_callback: pending_cmd=0x19, int_flag=0
[16:12:31][INFO][CDROM] [CDROM] Executing command: 0x19
[16:12:31][DEBUG][CDROM] [CDROM] Test subfunction: 0x20
[16:12:31][INFO][CDROM] [CDROM] INT3 (ACK)
[16:12:31][DEBUG][CDROM] [CDROM] INT ACK: 0x07, remaining: 0
[16:12:31][DEBUG][CDROM] [CDROM] INT ACK: 0x00, remaining: 0
[16:12:31][INFO][CDROM] [CDROM] Command: 0x01
[16:12:31][DEBUG][GTE] GTE: OP (sf=1, lm=0)
[16:12:31][DEBUG][GTE] GTE: OP (sf=1, lm=0)
[16:12:31][DEBUG][GTE] GTE: OP (sf=1, lm=0)
[16:12:31][DEBUG][GTE] GTE: OP (sf=1, lm=0)
[16:12:31][DEBUG][GTE] GTE: OP (sf=1, lm=0)
[16:12:31][DEBUG][GTE] GTE: OP (sf=0, lm=0)
[16:12:31][DEBUG][GTE] GTE: OP (sf=0, lm=0)
[16:12:31][DEBUG][GPU] [GPUREAD] Image Store Read: 0x00000000 (Rem: 1319)
[16:12:31][DEBUG][GPU] [GPUREAD] Image Store Read: 0x555555a4 (Rem: 319)
[16:12:32][DEBUG][GPU] [GPUREAD] Image Store Read: 0x55555555 (Rem: 1279)
[16:12:32][DEBUG][GPU] [GPUREAD] Image Store Read: 0x00855530 (Rem: 279)
[16:12:32][DEBUG][TIMER] [TIMER] timer_event_handler called for Timer0
[16:12:32][DEBUG][GPU] [GPUREAD] Image Store Read: 0x00000000 (Rem: 1239)
[16:12:32][DEBUG][GPU] [GPUREAD] Image Store Read: 0x00000000 (Rem: 239)
[16:12:32][DEBUG][GPU] [GPUREAD] Image Store Read: 0x00000000 (Rem: 1199)
[16:12:32][DEBUG][GPU] [GPUREAD] Image Store Read: 0x00555555 (Rem: 199)
[16:12:32][DEBUG][CPU] @SUSPICIOUS_JR from PC=0x000000a8: $8=0x000005c4 -> jumping to 0x000005c4
[16:12:32][DEBUG][GPU] [GPUREAD] Image Store Read: 0x00355555 (Rem: 1159)
[16:12:32][DEBUG][GPU] [GPUREAD] Image Store Read: 0x00000000 (Rem: 159)
[16:12:32][DEBUG][GPU] [GPUREAD] Image Store Read: 0x00000000 (Rem: 1119)
[16:12:32][DEBUG][GPU] [GPUREAD] Image Store Read: 0x00000000 (Rem: 119)
[16:12:33][DEBUG][GPU] [GPUREAD] Image Store Read: 0x55552000 (Rem: 6640)
[16:12:33][DEBUG][GPU] [GPUREAD] Image Store Read: 0x00008555 (Rem: 5640)
[16:12:33][DEBUG][GPU] [GPUREAD] Image Store Read: 0x00055500 (Rem: 4640)
[16:12:33][DEBUG][GPU] [GPUREAD] Image Store Read: 0x00000000 (Rem: 3640)
[16:12:33][DEBUG][GPU] [GPUREAD] Image Store Read: 0x00000000 (Rem: 2640)
[16:12:33][DEBUG][GPU] [GPUREAD] Image Store Read: 0x00000000 (Rem: 1640)
[16:12:33][DEBUG][GPU] [GPUREAD] Image Store Read: 0x00000000 (Rem: 640)
[16:12:33][DEBUG][GPU] [GPUREAD] Image Store Read: 0x40000000 (Rem: 1385)
[16:12:33][DEBUG][GPU] [GPUREAD] Image Store Read: 0x00000000 (Rem: 385)
[16:12:33][DEBUG][GPU] [GPUREAD] Image Store Read: 0x55555555 (Rem: 1130)
[16:12:33][DEBUG][GPU] [GPUREAD] Image Store Read: 0x00000000 (Rem: 130)
[16:12:33][DEBUG][GPU] [GPUREAD] Image Store Read: 0x55554000 (Rem: 875)
[16:12:33][DEBUG][GPU] [GP0] Command: 0x00011e2d (Opcode: 0x00)
[16:12:33][DEBUG][GPU] [GPUREAD] Image Store Read: 0x00000000 (Rem: 620)
[16:12:33][DEBUG][GPU] [GPUREAD] Image Store Read: 0x00000000 (Rem: 1365)
[16:12:33][DEBUG][GPU] [GPUREAD] Image Store Read: 0x44444444 (Rem: 365)
[16:12:33][DEBUG][GPU] [GPUREAD] Image Store Read: 0x02555555 (Rem: 3558)
[16:12:33][DEBUG][GPU] [GPUREAD] Image Store Read: 0x59955555 (Rem: 2558)
[16:12:33][DEBUG][GPU] [GPUREAD] Image Store Read: 0x00000000 (Rem: 1558)
[16:12:33][DEBUG][GPU] [GPUREAD] Image Store Read: 0x00000000 (Rem: 558)
[16:12:33][DEBUG][GPU] [GPUREAD] Image Store Read: 0x50000555 (Rem: 1551)
[16:12:33][DEBUG][GPU] [GPUREAD] Image Store Read: 0x08555555 (Rem: 551)
[16:12:35][DEBUG][TIMER] [VBlank] Handler #366: cycle=206632305
[16:12:37][DEBUG][TIMER] [VBlank] Handler #489: cycle=276063345
