[14:57:28][INFO][SYSTEM] Emulator started
[14:57:28][INFO][SYSTEM] --- ZoniStation One Emulator ---
[14:57:28][INFO][SYSTEM] Attempting to load BIOS from: roms/SCPH1001.BIN
[14:57:28][INFO][SYSTEM] Initializing SDL Video...
[14:57:28][INFO][SYSTEM] Creating SDL Window (1024x512, OpenGL)...
[14:57:28][INFO][SYSTEM] Creating OpenGL Context...
[14:57:28][INFO][SYSTEM] Initializing GLEW...
[14:57:28][INFO][SYSTEM] GLEW Initialized. OpenGL Version: 4.5 (Core Profile) Mesa 25.0.7-0ubuntu0.24.04.2
[14:57:28][INFO][SYSTEM] Initializing Emulator Components...
[14:57:28][INFO][SYSTEM]   Initializing RAM...
[14:57:28][INFO][RAM] RAM initialized
[14:57:28][INFO][BIOS] BIOS loaded successfully from roms/SCPH1001.BIN (524288 bytes)
[14:57:28][DEBUG][INTERCONNECT] Interconnect initialized
[14:57:28][INFO][DMA] DMA initialized
[14:57:28][INFO][GPU] GPU full initialization (with VRAM)
[14:57:28][INFO][GPU] GPU Initializing (full)...
[14:57:28][INFO][VRAM] VRAM initialized
[14:57:28][INFO][VRAM] VRAM Initialized (1048576 bytes, filled with 0x00).
[14:57:28][INFO][GPU] GPU Initialized (State reset, VRAM initialized).
[14:57:28][INFO][TIMER] Timers initialized
[14:57:28][DEBUG][INTERCONNECT] Interconnect Initialized (BIOS, RAM, DMA, GPU, CDROM, SIO, IRQ states set).
[14:57:28][INFO][RENDERER] [RENDERER] Initializing renderer
[14:57:28][INFO][RENDERER] Initializing Renderer...
[14:57:28][INFO][RENDERER] Compiling vertex shader...
[14:57:28][INFO][RENDERER] Shader compiled successfully (Type: Vertex)
[14:57:28][INFO][RENDERER] Compiling fragment shader...
[14:57:28][INFO][RENDERER] Shader compiled successfully (Type: Fragment)
[14:57:28][INFO][RENDERER] Linking shader program...
[14:57:28][INFO][RENDERER] Shader program linked successfully (ID: 3)
[14:57:28][INFO][RENDERER] Found uniform 'offset' at location: 0
[14:57:28][INFO][RENDERER] Creating VAO...
[14:57:28][ERROR][CDROM] [CDROM] Failed to open BIN file: games/Crash Bandicoot.bin
[14:57:28][INFO][CPU] CPU initialization started
[14:57:28][DEBUG][CPU] Initializing I-Cache...
[14:57:28][DEBUG][CPU] Initializing GTE...
[14:57:28][INFO][GTE] GTE initialized
[14:57:28][DEBUG][GTE] Initializing GTE...
[14:57:28][DEBUG][GTE] GTE Initialized
[14:57:28][INFO][CPU] CPU initialized, PC=0xbfc00000
[14:57:28][DEBUG][INTERCONNECT] Interconnect CPU pointer set (exception triggering enabled).
[14:57:28][DEBUG][EVENT] [EventQ][DEF] Scheduled Timer0 event: now=0, target=1024, pending=0x3
[14:57:28][INFO][CPU] *** BOOT STAGE: BIOS_INIT ***
[14:57:28][INFO][CPU] Kernel initialization: PC in ROM (0xbfc00000-0xbfc10000)
[14:57:28][DEBUG][INTERCONNECT] ~ Write32 to RAM_SIZE register (0x00000b88) = 0x00000400 (Ignoring)
[14:57:28][DEBUG][INTERCONNECT] ~ Write32 to CACHE_CONTROL register (0xfffe0130) = 0x00000804 (Ignoring)
[14:57:28][DEBUG][CPU] MTC0 write to SR: 0x00010000 (PC=0xbfc0023c)
[14:57:28][DEBUG][CPU] MTC0 write to SR: 0x00000000 (PC=0xbfc00278)
[14:57:28][DEBUG][CPU] MTC0 write to SR: 0x00010000 (PC=0xbfc0028c)
[14:57:28][DEBUG][EVENT] [EventQ][DEF] Firing Timer0 event: now=1024, target=1024, pending=0x3
[14:57:28][DEBUG][EVENT] [EventQ] DISPATCH Timer0 event handler called (count=1)
[14:57:28][DEBUG][TIMER] [TIMER] timer_event_handler called for Timer0
[14:57:28][DEBUG][TIMER] [TIMER] Timer0 event triggered (counter=0x0000, mode=0x0000, target=0x0000)
[14:57:28][DEBUG][TIMER] [TIMER] timers_schedule_next_event for Timer0
[14:57:28][DEBUG][EVENT] [EventQ][DEF] Scheduled Timer0 event: now=1024, target=565504, pending=0x3
[14:57:28][DEBUG][CPU] MTC0 write to SR: 0x00000000 (PC=0xbfc00328)
[14:57:28][DEBUG][IRQ] Write to I_STAT: Value=0x00000000, Before=0x0000, PC=0xbfc06898
[14:57:28][DEBUG][IRQ] I_STAT after: 0x0000, cleared bits: 0x0000, line_state: 0x0000
[14:57:28][DEBUG][TIMER] [Timer0] Write16: offset=0x4 value=0x0000
[14:57:28][DEBUG][TIMER] [Timer0] Write16: offset=0x8 value=0x0000
[14:57:28][DEBUG][TIMER] [Timer0] Target set: 0x0000
[14:57:28][DEBUG][TIMER] [Timer0] Write16: offset=0x0 value=0x0000
[14:57:28][DEBUG][TIMER] [Timer1] Write16: offset=0x4 value=0x0000
[14:57:28][DEBUG][TIMER] [Timer1] Write16: offset=0x8 value=0x0000
[14:57:28][DEBUG][IRQ] IRQ0 requested by VBlank. I_STAT before=0x0000
[14:57:28][DEBUG][IRQ] IRQ0 rising edge: I_STAT=0x0001, I_MASK=0x0000
[14:57:28][DEBUG][IRQ] IRQ0 set. I_STAT after=0x0001
[14:57:28][DEBUG][EVENT] [EventQ][DEF] Firing Timer0 event: now=565504, target=565504, pending=0x3
[14:57:28][DEBUG][EVENT] [EventQ] DISPATCH Timer0 event handler called (count=2)
[14:57:28][DEBUG][EVENT] [EventQ][DEF] Scheduled Timer0 event: now=565504, target=1129984, pending=0x3
[14:57:28][DEBUG][EVENT] [EventQ][DEF] Firing Timer0 event: now=1129984, target=1129984, pending=0x3
[14:57:28][DEBUG][EVENT] [EventQ] DISPATCH Timer0 event handler called (count=3)
[14:57:28][DEBUG][EVENT] [EventQ][DEF] Scheduled Timer0 event: now=1129984, target=1694464, pending=0x3
[14:57:28][DEBUG][DMA] ~ Write32 to DMA region: Addr=0x1f8010f0 Offset=0x70 = 0x076f4321
[14:57:29][DEBUG][GPU] [GPUSTAT] Read: 0x1cc02000 (VBlank=1)
[14:57:29][DEBUG][GPU] [GP0] Command: 0xe1003000 (Opcode: 0xe1)
[14:57:29][DEBUG][GPU] [GPUSTAT] Read: 0x1dc02000 (VBlank=1)
[14:57:29][DEBUG][GPU] [GP0] Command: 0xe1003000 (Opcode: 0xe1)
[14:57:29][DEBUG][GPU] [GPUSTAT] Read: 0x1cc02000 (VBlank=1)
[14:57:29][DEBUG][GPU] [GP0] Command: 0xe1003000 (Opcode: 0xe1)
[14:57:29][DEBUG][GPU] [GPUSTAT] Read: 0x1dc02000 (VBlank=1)
[14:57:29][DEBUG][DMA] ~ Write32 to DMA region: Addr=0x1f8010f4 Offset=0x74 = 0x00000000
[14:57:29][DEBUG][DMA] [DMA] DICR write: value=0x00000000, channel_irq_enable=0x00, master_irq_enable=0
[14:57:29][DEBUG][DMA] ~ Write32 to DMA region: Addr=0x1f8010f4 Offset=0x74 = 0x04840000
[14:57:29][DEBUG][GPU] [GP0] Command: 0x00000000 (Opcode: 0x00)
[14:57:29][DEBUG][GPU] [GP0] Command: 0x85555000 (Opcode: 0x85)
[14:57:29][DEBUG][GPU] [GP0] Command: 0x85555555 (Opcode: 0x85)
[14:57:29][DEBUG][GPU] [GP0] Command: 0x00000000 (Opcode: 0x00)
[14:57:29][DEBUG][GPU] [GP0] Command: 0x00000000 (Opcode: 0x00)
[14:57:29][DEBUG][GPU] [GP0] Command: 0x56000000 (Opcode: 0x56)
[14:57:29][DEBUG][GPU] GPU: DMA Direction = 2 (GP1 Cmd 0x04)
[14:57:30][INFO][DMA] --- Starting DMA Transfer for Channel 6 ---
[14:57:30][DEBUG][GPU] [GPUSTAT] Read: 0x1c43220a (VBlank=0)
[14:57:30][INFO][DMA] --- Starting DMA Transfer for Channel 2 ---
[14:57:31][DEBUG][GPU] [GP1] Command: 0x08000027 (Opcode: 0x08)
[14:57:31][DEBUG][GPU] [GP0] Command: 0x01e00280 (Opcode: 0x01)
[14:57:31][DEBUG][DMA]   DMA Channel 2 activated by write to offset 0x28.
[14:57:31][DEBUG][TIMER] [TIMER] timer_event_handler called for Timer0
[14:57:31][DEBUG][GPU] [GP0] Command: 0x01080196 (Opcode: 0x01)
[14:57:32][DEBUG][GPU] [GP0] Command: 0x010f0148 (Opcode: 0x01)
[14:57:32][DEBUG][DMA] ~ Write32 to DMA region: Addr=0x1f8010e8 Offset=0x68 = 0x11000002
[14:57:32][DEBUG][GPU] [GP0] Command: 0x01ba01b8 (Opcode: 0x01)
[14:57:32][DEBUG][GPU] [GP0] Command: 0x00010010 (Opcode: 0x00)
[14:57:32][DEBUG][GPU] [GP0] Command: 0x00003b00 (Opcode: 0x00)
[14:57:32][DEBUG][DMA] ~ Write32 to DMA region: Addr=0x1f8010a8 Offset=0x28 = 0x01000401
[14:57:33][INFO][RENDERER] Renderer: Display requested.
[14:57:33][DEBUG][GPU] [GPUSTAT] Read: 0x1c43220a (VBlank=0)
[14:57:33][INFO][GPU] GPU: Display H-Range Start=608 End=3168 (GP1 Cmd 0x06)
[14:57:33][DEBUG][SYSTEM] [BIOS_REGION] PC=0x8005a910: CDROM Check (RAM)
[14:57:33][DEBUG][DMA] ~ Write32 to DMA region: Addr=0x1f8010a4 Offset=0x24 = 0x00000000
[14:57:33][DEBUG][GPU] [GP0] Command: 0x00f000c0 (Opcode: 0x00)
[14:57:33][DEBUG][GPU] [GP0] Command: 0x0086014a (Opcode: 0x00)
[14:57:34][DEBUG][GPU] [GP0] Command: 0x000e00ef (Opcode: 0x00)
[14:57:34][DEBUG][DMA] ~ Write32 to DMA region: Addr=0x1f8010e8 Offset=0x68 = 0x00000000
[14:57:34][DEBUG][GPU] GPU: DMA Direction = 0 (GP1 Cmd 0x04)
[14:57:34][INFO][GPU] GPU: Display VRAM Start X=0 Y=2 (GP1 Cmd 0x05)
[14:57:34][DEBUG][DMA] ~ Write32 to DMA region: Addr=0x1f8010f0 Offset=0x70 = 0x0f6f4b21
[14:57:34][DEBUG][GPU] [GP0] Command: 0x01e00280 (Opcode: 0x01)
[14:57:34][DEBUG][CDROM] [CDROM] INT ACK: 0x1F, remaining: 0
[14:57:34][DEBUG][CDROM] [CDROM] INT ACK: 0x00, remaining: 0
[14:57:34][INFO][CDROM] [CDROM] Command: 0x19
[14:57:35][INFO][CDROM] [CDROM] Executing command: 0x19
[14:57:35][DEBUG][CDROM] [CDROM] Test subfunction: 0x20
[14:57:35][INFO][CDROM] [CDROM] INT3 (ACK)
[14:57:35][DEBUG][CDROM] [CDROM] INT ACK: 0x07, remaining: 0
[14:57:35][DEBUG][CDROM] [CDROM] INT ACK: 0x00, remaining: 0
[14:57:35][INFO][CDROM] [CDROM] Command: 0x01
[14:57:35][INFO][CDROM] [CDROM] Executing command: 0x01
[14:57:35][DEBUG][GTE] GTE: OP (sf=1, lm=0)
[14:57:35][DEBUG][GTE] GTE: OP (sf=1, lm=0)
[14:57:35][DEBUG][GTE] GTE: OP (sf=1, lm=0)
[14:57:35][DEBUG][GTE] GTE: OP (sf=1, lm=0)
[14:57:35][DEBUG][GTE] GTE: OP (sf=1, lm=0)
[14:57:35][DEBUG][GTE] GTE: OP (sf=0, lm=0)
[14:57:35][DEBUG][GTE] GTE: OP (sf=0, lm=0)
[14:57:35][DEBUG][GPU] [GPUREAD] Read: 0xdeadc148
[14:57:35][DEBUG][GPU] [GPUREAD] Read: 0xdeadc530
[14:57:35][DEBUG][GPU] [GPUREAD] Read: 0xdeadc8d3
[14:57:35][DEBUG][GPU] [GPUREAD] Read: 0xdeadccbb
[14:57:35][DEBUG][TIMER] [TIMER] timer_event_handler called for Timer0
[14:57:35][DEBUG][GPU] [GPUREAD] Read: 0xdeadd05e
[14:57:35][DEBUG][GPU] [GPUREAD] Read: 0xdeadd446
[14:57:35][DEBUG][GPU] [GPUREAD] Read: 0xdeadd7e9
[14:57:35][DEBUG][GPU] [GPUREAD] Read: 0xdeaddbd1
[14:57:35][DEBUG][CPU] @SUSPICIOUS_JR from PC=0x000000a8: $8=0x000005c4 -> jumping to 0x000005c4
[14:57:36][DEBUG][GPU] [GPUREAD] Read: 0xdeaddf74
[14:57:36][DEBUG][GPU] [GPUREAD] Read: 0xdeade35c
[14:57:36][DEBUG][GPU] [GPUREAD] Read: 0xdeade6ff
[14:57:36][DEBUG][GPU] [GPUREAD] Read: 0xdeadeae7
[14:57:36][DEBUG][GPU] [GPUREAD] Read: 0xdeaded8f
[14:57:36][DEBUG][GPU] [GPUREAD] Read: 0xdeadf177
[14:57:36][DEBUG][GPU] [GPUREAD] Read: 0xdeadf55f
[14:57:36][DEBUG][GPU] [GPUREAD] Read: 0xdeadf947
[14:57:36][DEBUG][GPU] [GPUREAD] Read: 0xdeadfd2f
[14:57:36][DEBUG][GPU] [GPUREAD] Read: 0xdeae0117
[14:57:36][DEBUG][GPU] [GPUREAD] Read: 0xdeae04ff
[14:57:36][DEBUG][GPU] [GPUREAD] Read: 0xdeae0837
[14:57:36][DEBUG][GPU] [GPUREAD] Read: 0xdeae0c1f
[14:57:36][DEBUG][GPU] [GPUREAD] Read: 0xdeae0f57
[14:57:36][DEBUG][GPU] [GPUREAD] Read: 0xdeae133f
[14:57:36][DEBUG][GPU] [GPUREAD] Read: 0xdeae1677
[14:57:36][DEBUG][GPU] [GPUSTAT] Read: 0x1c43260a (VBlank=0)
[14:57:36][DEBUG][GPU] [GPUREAD] Read: 0xdeae1d97
[14:57:36][DEBUG][GPU] [GPUREAD] Read: 0xdeae20cf
[14:57:36][DEBUG][GPU] [GPUREAD] Read: 0xdeae24b7
[14:57:36][DEBUG][GPU] [GPUREAD] Read: 0xdeae275f
[14:57:36][DEBUG][GPU] [GPUREAD] Read: 0xdeae2b47
[14:57:36][DEBUG][GPU] [GPUREAD] Read: 0xdeae2f2f
[14:57:36][DEBUG][GPU] [GPUREAD] Read: 0xdeae3317
[14:57:36][DEBUG][GPU] [GPUREAD] Read: 0xdeae36df
[14:57:36][DEBUG][GPU] [GPUREAD] Read: 0xdeae3ac7
