[INFO] Emulator core starting main loop
[INFO] [INIT] EmulatorContext zeroed
[INFO] BIOS loaded from roms/SCPH1001.BIN (524288 bytes)
[INFO] [INIT] BIOS loaded successfully
[INFO] CPU initialization started
[INFO] CPU initialized, PC=0xbfc00000
[INFO] R-type table index 0x21 (ADDU): 0x5653fc6f76eb
[INFO] nc_op_addu function address: 0x5653fc6f7225
[INFO] nc_op_unimplemented function address: 0x5653fc6f881e
[INFO] [INIT] CPU initialized
[INFO] DMA initialized
[INFO] [INIT] DMA initialized
[INFO] Event queue initialized
[INFO] [INIT] Event queue initialized
[INFO] GPU initialization started
[INFO] GPU initialized (VRAM cleared)
[INFO] [INIT] GPU initialized
[INFO] [INIT] Scratchpad initialized
[INFO] [INIT] IRQ controller initialized
[INFO] [INIT] Cycle counter initialized
[INFO] Event scheduled: type=3 cycle=16667
[INFO] Event scheduled: type=4 cycle=1000
[INFO] [INIT] VBlank and DMA events scheduled
[INFO] Emulator initialized successfully
[INFO] [BIOS] read32: addr=0xbfc00000 value=0x1300083c
[INFO] [PC] Entered region 0xb0000000 at step 0, PC=0xbfc00004
[INFO] [BIOS] read32: addr=0xbfc00004 value=0x3f240835
[WARN] [CPU] Unhandled COP0 op: cop_op=0x19, instr=0x3f240835
[INFO] [BIOS] read32: addr=0xbfc00004 value=0x3f240835
[INFO] [CPU][EXC] cause=0x0b EPC=0x00000000 PC=0xbfc00004 SR=0x10600000, instr=0x3f240835, lui $a0, 0x0835
[INFO] [CPU][EXC] Jumping to handler 0xbfc00180
[INFO] [BIOS] read32: addr=0xbfc00180 value=0x080028ad
[INFO] [CPU][JAL] PC=0xbfc00180 -> 0xb000a2b4 ($ra=0xbfc00188)
[INFO] [BIOS] read32: addr=0xbfc00184 value=0x0920083c
[INFO] [CPU][JAL] PC=0xbfc00184 -> 0xb48020f0 ($ra=0xbfc0018c)
[ERROR] [CPU] Unimplemented instruction: 0xffffffff at PC=0xb000a2b4
[INFO] [CPU][EXC] cause=0x0a EPC=0xbfc00004 PC=0xb000a2b4 SR=0x10600000, instr=0xffffffff, opcode=0x3f
[INFO] [CPU][EXC] Jumping to handler 0xbfc00180
[INFO] [BIOS] read32: addr=0xbfc00180 value=0x080028ad
[INFO] [CPU][JAL] PC=0xbfc00180 -> 0xb000a2b4 ($ra=0xbfc00188)
[INFO] [BIOS] read32: addr=0xbfc00184 value=0x0920083c
[INFO] [CPU][JAL] PC=0xbfc00184 -> 0xb48020f0 ($ra=0xbfc0018c)
[ERROR] [CPU] Unimplemented instruction: 0xffffffff at PC=0xb000a2b4
[INFO] [CPU][EXC] cause=0x0a EPC=0xb000a2b0 PC=0xb000a2b4 SR=0x10600000, instr=0xffffffff, opcode=0x3f
[INFO] [CPU][EXC] Jumping to handler 0xbfc00180
[INFO] [BIOS] read32: addr=0xbfc00180 value=0x080028ad
[INFO] [CPU][JAL] PC=0xbfc00180 -> 0xb000a2b4 ($ra=0xbfc00188)
[INFO] [BIOS] read32: addr=0xbfc00184 value=0x0920083c
[INFO] [CPU][JAL] PC=0xbfc00184 -> 0xb48020f0 ($ra=0xbfc0018c)
[ERROR] [CPU] Unimplemented instruction: 0xffffffff at PC=0xb000a2b4
[INFO] [CPU][EXC] cause=0x0a EPC=0xb000a2b0 PC=0xb000a2b4 SR=0x10600000, instr=0xffffffff, opcode=0x3f
[INFO] [CPU][EXC] Jumping to handler 0xbfc00180
[INFO] [BIOS] read32: addr=0xbfc00180 value=0x080028ad
[INFO] [CPU][JAL] PC=0xbfc00180 -> 0xb000a2b4 ($ra=0xbfc00188)
[INFO] [BIOS] read32: addr=0xbfc00184 value=0x0920083c
[INFO] [CPU][JAL] PC=0xbfc00184 -> 0xb48020f0 ($ra=0xbfc0018c)
[ERROR] [CPU] Unimplemented instruction: 0xffffffff at PC=0xb000a2b4
[INFO] [CPU][EXC] cause=0x0a EPC=0xb000a2b0 PC=0xb000a2b4 SR=0x10600000, instr=0xffffffff, opcode=0x3f
[INFO] [CPU][EXC] Jumping to handler 0xbfc00180
[INFO] [BIOS] read32: addr=0xbfc00180 value=0x080028ad
[INFO] [CPU][JAL] PC=0xbfc00180 -> 0xb000a2b4 ($ra=0xbfc00188)
[INFO] [BIOS] read32: addr=0xbfc00184 value=0x0920083c
[INFO] [CPU][JAL] PC=0xbfc00184 -> 0xb48020f0 ($ra=0xbfc0018c)
[ERROR] [CPU] Unimplemented instruction: 0xffffffff at PC=0xb000a2b4
[INFO] [CPU][EXC] cause=0x0a EPC=0xb000a2b0 PC=0xb000a2b4 SR=0x10600000, instr=0xffffffff, opcode=0x3f
[INFO] [CPU][EXC] Jumping to handler 0xbfc00180
[INFO] [BIOS] read32: addr=0xbfc00180 value=0x080028ad
[INFO] [CPU][JAL] PC=0xbfc00180 -> 0xb000a2b4 ($ra=0xbfc00188)
[INFO] [BIOS] read32: addr=0xbfc00184 value=0x0920083c
[INFO] [CPU][JAL] PC=0xbfc00184 -> 0xb48020f0 ($ra=0xbfc0018c)
[ERROR] [CPU] Unimplemented instruction: 0xffffffff at PC=0xb000a2b4
[INFO] [CPU][EXC] cause=0x0a EPC=0xb000a2b0 PC=0xb000a2b4 SR=0x10600000, instr=0xffffffff, opcode=0x3f
[INFO] [CPU][EXC] Jumping to handler 0xbfc00180
[INFO] [BIOS] read32: addr=0xbfc00180 value=0x080028ad
[INFO] [CPU][JAL] PC=0xbfc00180 -> 0xb000a2b4 ($ra=0xbfc00188)
[INFO] [BIOS] read32: addr=0xbfc00184 value=0x0920083c
[INFO] [CPU][JAL] PC=0xbfc00184 -> 0xb48020f0 ($ra=0xbfc0018c)
[ERROR] [CPU] Unimplemented instruction: 0xffffffff at PC=0xb000a2b4
[INFO] [CPU][EXC] cause=0x0a EPC=0xb000a2b0 PC=0xb000a2b4 SR=0x10600000, instr=0xffffffff, opcode=0x3f
[INFO] [CPU][EXC] Jumping to handler 0xbfc00180
[INFO] [BIOS] read32: addr=0xbfc00180 value=0x080028ad
[INFO] [CPU][JAL] PC=0xbfc00180 -> 0xb000a2b4 ($ra=0xbfc00188)
[INFO] [BIOS] read32: addr=0xbfc00184 value=0x0920083c
[INFO] [CPU][JAL] PC=0xbfc00184 -> 0xb48020f0 ($ra=0xbfc0018c)
[ERROR] [CPU] Unimplemented instruction: 0xffffffff at PC=0xb000a2b4
[INFO] [CPU][EXC] cause=0x0a EPC=0xb000a2b0 PC=0xb000a2b4 SR=0x10600000, instr=0xffffffff, opcode=0x3f
[INFO] [CPU][EXC] Jumping to handler 0xbfc00180
[INFO] [BIOS] read32: addr=0xbfc00180 value=0x080028ad
[INFO] [CPU][JAL] PC=0xbfc00180 -> 0xb000a2b4 ($ra=0xbfc00188)
[INFO] [BIOS] read32: addr=0xbfc00184 value=0x0920083c
[INFO] [CPU][JAL] PC=0xbfc00184 -> 0xb48020f0 ($ra=0xbfc0018c)
[ERROR] [CPU] Unimplemented instruction: 0xffffffff at PC=0xb000a2b4
[INFO] [CPU][EXC] cause=0x0a EPC=0xb000a2b0 PC=0xb000a2b4 SR=0x10600000, instr=0xffffffff, opcode=0x3f
[INFO] [CPU][EXC] Jumping to handler 0xbfc00180
[INFO] [BIOS] read32: addr=0xbfc00180 value=0x080028ad
[INFO] [CPU][JAL] PC=0xbfc00180 -> 0xb000a2b4 ($ra=0xbfc00188)
[INFO] [BIOS] read32: addr=0xbfc00184 value=0x0920083c
[INFO] [CPU][JAL] PC=0xbfc00184 -> 0xb48020f0 ($ra=0xbfc0018c)
[ERROR] [CPU] Unimplemented instruction: 0xffffffff at PC=0xb000a2b4
[INFO] [CPU][EXC] cause=0x0a EPC=0xb000a2b0 PC=0xb000a2b4 SR=0x10600000, instr=0xffffffff, opcode=0x3f
[INFO] [CPU][EXC] Jumping to handler 0xbfc00180
[INFO] [BIOS] read32: addr=0xbfc00180 value=0x080028ad
[INFO] [CPU][JAL] PC=0xbfc00180 -> 0xb000a2b4 ($ra=0xbfc00188)
[INFO] [BIOS] read32: addr=0xbfc00184 value=0x0920083c
[INFO] [CPU][JAL] PC=0xbfc00184 -> 0xb48020f0 ($ra=0xbfc0018c)
[ERROR] [CPU] Unimplemented instruction: 0xffffffff at PC=0xb000a2b4
[INFO] [CPU][EXC] cause=0x0a EPC=0xb000a2b0 PC=0xb000a2b4 SR=0x10600000, instr=0xffffffff, opcode=0x3f
[INFO] [CPU][EXC] Jumping to handler 0xbfc00180
[INFO] [BIOS] read32: addr=0xbfc00180 value=0x080028ad
[INFO] [CPU][JAL] PC=0xbfc00180 -> 0xb000a2b4 ($ra=0xbfc00188)
[INFO] [BIOS] read32: addr=0xbfc00184 value=0x0920083c
[INFO] [CPU][JAL] PC=0xbfc00184 -> 0xb48020f0 ($ra=0xbfc0018c)
[ERROR] [CPU] Unimplemented instruction: 0xffffffff at PC=0xb000a2b4
[INFO] [CPU][EXC] cause=0x0a EPC=0xb000a2b0 PC=0xb000a2b4 SR=0x10600000, instr=0xffffffff, opcode=0x3f
[INFO] [CPU][EXC] Jumping to handler 0xbfc00180
[INFO] [BIOS] read32: addr=0xbfc00180 value=0x080028ad
[INFO] [CPU][JAL] PC=0xbfc00180 -> 0xb000a2b4 ($ra=0xbfc00188)
[INFO] [BIOS] read32: addr=0xbfc00184 value=0x0920083c
[INFO] [CPU][JAL] PC=0xbfc00184 -> 0xb48020f0 ($ra=0xbfc0018c)
[ERROR] [CPU] Unimplemented instruction: 0xffffffff at PC=0xb000a2b4
[INFO] [CPU][EXC] cause=0x0a EPC=0xb000a2b0 PC=0xb000a2b4 SR=0x10600000, instr=0xffffffff, opcode=0x3f
[INFO] [CPU][EXC] Jumping to handler 0xbfc00180
[INFO] [BIOS] read32: addr=0xbfc00180 value=0x080028ad
[INFO] [CPU][JAL] PC=0xbfc00180 -> 0xb000a2b4 ($ra=0xbfc00188)
[INFO] [BIOS] read32: addr=0xbfc00184 value=0x0920083c
[INFO] [CPU][JAL] PC=0xbfc00184 -> 0xb48020f0 ($ra=0xbfc0018c)
[ERROR] [CPU] Unimplemented instruction: 0xffffffff at PC=0xb000a2b4
[INFO] [CPU][EXC] cause=0x0a EPC=0xb000a2b0 PC=0xb000a2b4 SR=0x10600000, instr=0xffffffff, opcode=0x3f
[INFO] [CPU][EXC] Jumping to handler 0xbfc00180
[INFO] [BIOS] read32: addr=0xbfc00180 value=0x080028ad
[INFO] [CPU][JAL] PC=0xbfc00180 -> 0xb000a2b4 ($ra=0xbfc00188)
[INFO] [BIOS] read32: addr=0xbfc00184 value=0x0920083c
[INFO] [CPU][JAL] PC=0xbfc00184 -> 0xb48020f0 ($ra=0xbfc0018c)
[ERROR] [CPU] Unimplemented instruction: 0xffffffff at PC=0xb000a2b4
[INFO] [CPU][EXC] cause=0x0a EPC=0xb000a2b0 PC=0xb000a2b4 SR=0x10600000, instr=0xffffffff, opcode=0x3f
[INFO] [CPU][EXC] Jumping to handler 0xbfc00180
[INFO] [BIOS] read32: addr=0xbfc00180 value=0x080028ad
[INFO] [CPU][JAL] PC=0xbfc00180 -> 0xb000a2b4 ($ra=0xbfc00188)
[INFO] [BIOS] read32: addr=0xbfc00184 value=0x0920083c
[INFO] [CPU][JAL] PC=0xbfc00184 -> 0xb48020f0 ($ra=0xbfc0018c)
[ERROR] [CPU] Unimplemented instruction: 0xffffffff at PC=0xb000a2b4
[INFO] [CPU][EXC] cause=0x0a EPC=0xb000a2b0 PC=0xb000a2b4 SR=0x10600000, instr=0xffffffff, opcode=0x3f
[INFO] [CPU][EXC] Jumping to handler 0xbfc00180
[INFO] [BIOS] read32: addr=0xbfc00180 value=0x080028ad
[INFO] [CPU][JAL] PC=0xbfc00180 -> 0xb000a2b4 ($ra=0xbfc00188)
[INFO] [BIOS] read32: addr=0xbfc00184 value=0x0920083c
[INFO] [CPU][JAL] PC=0xbfc00184 -> 0xb48020f0 ($ra=0xbfc0018c)
[ERROR] [CPU] Unimplemented instruction: 0xffffffff at PC=0xb000a2b4
[INFO] [CPU][EXC] cause=0x0a EPC=0xb000a2b0 PC=0xb000a2b4 SR=0x10600000, instr=0xffffffff, opcode=0x3f
[INFO] [CPU][EXC] Jumping to handler 0xbfc00180
[INFO] [BIOS] read32: addr=0xbfc00180 value=0x080028ad
[INFO] [CPU][JAL] PC=0xbfc00180 -> 0xb000a2b4 ($ra=0xbfc00188)
[INFO] [BIOS] read32: addr=0xbfc00184 value=0x0920083c
[INFO] [CPU][JAL] PC=0xbfc00184 -> 0xb48020f0 ($ra=0xbfc0018c)
[ERROR] [CPU] Unimplemented instruction: 0xffffffff at PC=0xb000a2b4
[INFO] [CPU][EXC] cause=0x0a EPC=0xb000a2b0 PC=0xb000a2b4 SR=0x10600000, instr=0xffffffff, opcode=0x3f
[INFO] [CPU][EXC] Jumping to handler 0xbfc00180
[INFO] [BIOS] read32: addr=0xbfc00180 value=0x080028ad
[INFO] [CPU][JAL] PC=0xbfc00180 -> 0xb000a2b4 ($ra=0xbfc00188)
[INFO] [BIOS] read32: addr=0xbfc00184 value=0x0920083c
[INFO] [CPU][JAL] PC=0xbfc00184 -> 0xb48020f0 ($ra=0xbfc0018c)
[ERROR] [CPU] Unimplemented instruction: 0xffffffff at PC=0xb000a2b4
[INFO] [CPU][EXC] cause=0x0a EPC=0xb000a2b0 PC=0xb000a2b4 SR=0x10600000, instr=0xffffffff, opcode=0x3f
[INFO] [CPU][EXC] Jumping to handler 0xbfc00180
[INFO] [BIOS] read32: addr=0xbfc00180 value=0x080028ad
[INFO] [CPU][JAL] PC=0xbfc00180 -> 0xb000a2b4 ($ra=0xbfc00188)
[INFO] [BIOS] read32: addr=0xbfc00184 value=0x0920083c
[INFO] [CPU][JAL] PC=0xbfc00184 -> 0xb48020f0 ($ra=0xbfc0018c)
[ERROR] [CPU] Unimplemented instruction: 0xffffffff at PC=0xb000a2b4
[INFO] [CPU][EXC] cause=0x0a EPC=0xb000a2b0 PC=0xb000a2b4 SR=0x10600000, instr=0xffffffff, opcode=0x3f
[INFO] [CPU][EXC] Jumping to handler 0xbfc00180
[INFO] [BIOS] read32: addr=0xbfc00180 value=0x080028ad
[INFO] [CPU][JAL] PC=0xbfc00180 -> 0xb000a2b4 ($ra=0xbfc00188)
[INFO] [BIOS] read32: addr=0xbfc00184 value=0x0920083c
[INFO] [CPU][JAL] PC=0xbfc00184 -> 0xb48020f0 ($ra=0xbfc0018c)
[ERROR] [CPU] Unimplemented instruction: 0xffffffff at PC=0xb000a2b4
[INFO] [CPU][EXC] cause=0x0a EPC=0xb000a2b0 PC=0xb000a2b4 SR=0x10600000, instr=0xffffffff, opcode=0x3f
[INFO] [CPU][EXC] Jumping to handler 0xbfc00180
[INFO] [BIOS] read32: addr=0xbfc00180 value=0x080028ad
[INFO] [CPU][JAL] PC=0xbfc00180 -> 0xb000a2b4 ($ra=0xbfc00188)
[INFO] [BIOS] read32: addr=0xbfc00184 value=0x0920083c
[INFO] [CPU][JAL] PC=0xbfc00184 -> 0xb48020f0 ($ra=0xbfc0018c)
[ERROR] [CPU] Unimplemented instruction: 0xffffffff at PC=0xb000a2b4
[INFO] [CPU][EXC] cause=0x0a EPC=0xb000a2b0 PC=0xb000a2b4 SR=0x10600000, instr=0xffffffff, opcode=0x3f
[INFO] [CPU][EXC] Jumping to handler 0xbfc00180
[INFO] [BIOS] read32: addr=0xbfc00180 value=0x080028ad
[INFO] [CPU][JAL] PC=0xbfc00180 -> 0xb000a2b4 ($ra=0xbfc00188)
[INFO] [BIOS] read32: addr=0xbfc00184 value=0x0920083c
[INFO] [CPU][JAL] PC=0xbfc00184 -> 0xb48020f0 ($ra=0xbfc0018c)
[ERROR] [CPU] Unimplemented instruction: 0xffffffff at PC=0xb000a2b4
[INFO] [CPU][EXC] cause=0x0a EPC=0xb000a2b0 PC=0xb000a2b4 SR=0x10600000, instr=0xffffffff, opcode=0x3f
[INFO] [CPU][EXC] Jumping to handler 0xbfc00180
[INFO] [BIOS] read32: addr=0xbfc00180 value=0x080028ad
[INFO] [CPU][JAL] PC=0xbfc00180 -> 0xb000a2b4 ($ra=0xbfc00188)
[INFO] [BIOS] read32: addr=0xbfc00184 value=0x0920083c
[INFO] [CPU][JAL] PC=0xbfc00184 -> 0xb48020f0 ($ra=0xbfc0018c)
[ERROR] [CPU] Unimplemented instruction: 0xffffffff at PC=0xb000a2b4
[INFO] [CPU][EXC] cause=0x0a EPC=0xb000a2b0 PC=0xb000a2b4 SR=0x10600000, instr=0xffffffff, opcode=0x3f
[INFO] [CPU][EXC] Jumping to handler 0xbfc00180
[INFO] [BIOS] read32: addr=0xbfc00180 value=0x080028ad
[INFO] [CPU][JAL] PC=0xbfc00180 -> 0xb000a2b4 ($ra=0xbfc00188)
[INFO] [BIOS] read32: addr=0xbfc00184 value=0x0920083c
[INFO] [CPU][JAL] PC=0xbfc00184 -> 0xb48020f0 ($ra=0xbfc0018c)
[ERROR] [CPU] Unimplemented instruction: 0xffffffff at PC=0xb000a2b4
[INFO] [CPU][EXC] cause=0x0a EPC=0xb000a2b0 PC=0xb000a2b4 SR=0x10600000, instr=0xffffffff, opcode=0x3f
[INFO] [CPU][EXC] Jumping to handler 0xbfc00180
[INFO] [BIOS] read32: addr=0xbfc00180 value=0x080028ad
[INFO] [CPU][JAL] PC=0xbfc00180 -> 0xb000a2b4 ($ra=0xbfc00188)
[INFO] [BIOS] read32: addr=0xbfc00184 value=0x0920083c
[INFO] [CPU][JAL] PC=0xbfc00184 -> 0xb48020f0 ($ra=0xbfc0018c)
[ERROR] [CPU] Unimplemented instruction: 0xffffffff at PC=0xb000a2b4
[INFO] [CPU][EXC] cause=0x0a EPC=0xb000a2b0 PC=0xb000a2b4 SR=0x10600000, instr=0xffffffff, opcode=0x3f
[INFO] [CPU][EXC] Jumping to handler 0xbfc00180
[INFO] [BIOS] read32: addr=0xbfc00180 value=0x080028ad
[INFO] [CPU][JAL] PC=0xbfc00180 -> 0xb000a2b4 ($ra=0xbfc00188)
[INFO] [BIOS] read32: addr=0xbfc00184 value=0x0920083c
[INFO] [CPU][JAL] PC=0xbfc00184 -> 0xb48020f0 ($ra=0xbfc0018c)
[ERROR] [CPU] Unimplemented instruction: 0xffffffff at PC=0xb000a2b4
[INFO] [CPU][EXC] cause=0x0a EPC=0xb000a2b0 PC=0xb000a2b4 SR=0x10600000, instr=0xffffffff, opcode=0x3f
[INFO] [CPU][EXC] Jumping to handler 0xbfc00180
[INFO] [BIOS] read32: addr=0xbfc00180 value=0x080028ad
[INFO] [CPU][JAL] PC=0xbfc00180 -> 0xb000a2b4 ($ra=0xbfc00188)
[INFO] [BIOS] read32: addr=0xbfc00184 value=0x0920083c
[INFO] [CPU][JAL] PC=0xbfc00184 -> 0xb48020f0 ($ra=0xbfc0018c)
[ERROR] [CPU] Unimplemented instruction: 0xffffffff at PC=0xb000a2b4
[INFO] [CPU][EXC] cause=0x0a EPC=0xb000a2b0 PC=0xb000a2b4 SR=0x10600000, instr=0xffffffff, opcode=0x3f
[INFO] [CPU][EXC] Jumping to handler 0xbfc00180
[INFO] [BIOS] read32: addr=0xbfc00180 value=0x080028ad
[INFO] [CPU][JAL] PC=0xbfc00180 -> 0xb000a2b4 ($ra=0xbfc00188)
[INFO] [BIOS] read32: addr=0xbfc00184 value=0x0920083c
[INFO] [CPU][JAL] PC=0xbfc00184 -> 0xb48020f0 ($ra=0xbfc0018c)
[ERROR] [CPU] Unimplemented instruction: 0xffffffff at PC=0xb000a2b4
[INFO] [CPU][EXC] cause=0x0a EPC=0xb000a2b0 PC=0xb000a2b4 SR=0x10600000, instr=0xffffffff, opcode=0x3f
[INFO] [CPU][EXC] Jumping to handler 0xbfc00180
[INFO] [BIOS] read32: addr=0xbfc00180 value=0x080028ad
[INFO] [CPU][JAL] PC=0xbfc00180 -> 0xb000a2b4 ($ra=0xbfc00188)
[INFO] [BIOS] read32: addr=0xbfc00184 value=0x0920083c
[INFO] [CPU][JAL] PC=0xbfc00184 -> 0xb48020f0 ($ra=0xbfc0018c)
[ERROR] [CPU] Unimplemented instruction: 0xffffffff at PC=0xb000a2b4
[INFO] [CPU][EXC] cause=0x0a EPC=0xb000a2b0 PC=0xb000a2b4 SR=0x10600000, instr=0xffffffff, opcode=0x3f
[INFO] [CPU][EXC] Jumping to handler 0xbfc00180
[INFO] [BIOS] read32: addr=0xbfc00180 value=0x080028ad
[INFO] [CPU][JAL] PC=0xbfc00180 -> 0xb000a2b4 ($ra=0xbfc00188)
[INFO] [BIOS] read32: addr=0xbfc00184 value=0x0920083c
[INFO] [CPU][JAL] PC=0xbfc00184 -> 0xb48020f0 ($ra=0xbfc0018c)
[ERROR] [CPU] Unimplemented instruction: 0xffffffff at PC=0xb000a2b4
[INFO] [CPU][EXC] cause=0x0a EPC=0xb000a2b0 PC=0xb000a2b4 SR=0x10600000, instr=0xffffffff, opcode=0x3f
[INFO] [CPU][EXC] Jumping to handler 0xbfc00180
[INFO] [BIOS] read32: addr=0xbfc00180 value=0x080028ad
[INFO] [CPU][JAL] PC=0xbfc00180 -> 0xb000a2b4 ($ra=0xbfc00188)
[INFO] [BIOS] read32: addr=0xbfc00184 value=0x0920083c
[INFO] [CPU][JAL] PC=0xbfc00184 -> 0xb48020f0 ($ra=0xbfc0018c)
[ERROR] [CPU] Unimplemented instruction: 0xffffffff at PC=0xb000a2b4
[INFO] [CPU][EXC] cause=0x0a EPC=0xb000a2b0 PC=0xb000a2b4 SR=0x10600000, instr=0xffffffff, opcode=0x3f
[INFO] [CPU][EXC] Jumping to handler 0xbfc00180
[INFO] [BIOS] read32: addr=0xbfc00180 value=0x080028ad
[INFO] [CPU][JAL] PC=0xbfc00180 -> 0xb000a2b4 ($ra=0xbfc00188)
[INFO] [BIOS] read32: addr=0xbfc00184 value=0x0920083c
[INFO] [CPU][JAL] PC=0xbfc00184 -> 0xb48020f0 ($ra=0xbfc0018c)
[ERROR] [CPU] Unimplemented instruction: 0xffffffff at PC=0xb000a2b4
[INFO] [CPU][EXC] cause=0x0a EPC=0xb000a2b0 PC=0xb000a2b4 SR=0x10600000, instr=0xffffffff, opcode=0x3f
[INFO] [CPU][EXC] Jumping to handler 0xbfc00180
[INFO] [BIOS] read32: addr=0xbfc00180 value=0x080028ad
[INFO] [CPU][JAL] PC=0xbfc00180 -> 0xb000a2b4 ($ra=0xbfc00188)
[INFO] [BIOS] read32: addr=0xbfc00184 value=0x0920083c
[INFO] [CPU][JAL] PC=0xbfc00184 -> 0xb48020f0 ($ra=0xbfc0018c)
[ERROR] [CPU] Unimplemented instruction: 0xffffffff at PC=0xb000a2b4
[INFO] [CPU][EXC] cause=0x0a EPC=0xb000a2b0 PC=0xb000a2b4 SR=0x10600000, instr=0xffffffff, opcode=0x3f
[INFO] [CPU][EXC] Jumping to handler 0xbfc00180
[INFO] [BIOS] read32: addr=0xbfc00180 value=0x080028ad
[INFO] [CPU][JAL] PC=0xbfc00180 -> 0xb000a2b4 ($ra=0xbfc00188)
[INFO] [BIOS] read32: addr=0xbfc00184 value=0x0920083c
[INFO] [CPU][JAL] PC=0xbfc00184 -> 0xb48020f0 ($ra=0xbfc0018c)
[ERROR] [CPU] Unimplemented instruction: 0xffffffff at PC=0xb000a2b4
[INFO] [CPU][EXC] cause=0x0a EPC=0xb000a2b0 PC=0xb000a2b4 SR=0x10600000, instr=0xffffffff, opcode=0x3f
[INFO] [CPU][EXC] Jumping to handler 0xbfc00180
[INFO] [BIOS] read32: addr=0xbfc00180 value=0x080028ad
[INFO] [CPU][JAL] PC=0xbfc00180 -> 0xb000a2b4 ($ra=0xbfc00188)
[INFO] [BIOS] read32: addr=0xbfc00184 value=0x0920083c
[INFO] [CPU][JAL] PC=0xbfc00184 -> 0xb48020f0 ($ra=0xbfc0018c)
[ERROR] [CPU] Unimplemented instruction: 0xffffffff at PC=0xb000a2b4
[INFO] [CPU][EXC] cause=0x0a EPC=0xb000a2b0 PC=0xb000a2b4 SR=0x10600000, instr=0xffffffff, opcode=0x3f
[INFO] [CPU][EXC] Jumping to handler 0xbfc00180
[INFO] [BIOS] read32: addr=0xbfc00180 value=0x080028ad
[INFO] [CPU][JAL] PC=0xbfc00180 -> 0xb000a2b4 ($ra=0xbfc00188)
[INFO] [BIOS] read32: addr=0xbfc00184 value=0x0920083c
[INFO] [CPU][JAL] PC=0xbfc00184 -> 0xb48020f0 ($ra=0xbfc0018c)
[ERROR] [CPU] Unimplemented instruction: 0xffffffff at PC=0xb000a2b4
[INFO] [CPU][EXC] cause=0x0a EPC=0xb000a2b0 PC=0xb000a2b4 SR=0x10600000, instr=0xffffffff, opcode=0x3f
[INFO] [CPU][EXC] Jumping to handler 0xbfc00180
[INFO] [BIOS] read32: addr=0xbfc00180 value=0x080028ad
[INFO] [CPU][JAL] PC=0xbfc00180 -> 0xb000a2b4 ($ra=0xbfc00188)
[INFO] [BIOS] read32: addr=0xbfc00184 value=0x0920083c
[INFO] [CPU][JAL] PC=0xbfc00184 -> 0xb48020f0 ($ra=0xbfc0018c)
[ERROR] [CPU] Unimplemented instruction: 0xffffffff at PC=0xb000a2b4
[INFO] [CPU][EXC] cause=0x0a EPC=0xb000a2b0 PC=0xb000a2b4 SR=0x10600000, instr=0xffffffff, opcode=0x3f
[INFO] [CPU][EXC] Jumping to handler 0xbfc00180
[INFO] [BIOS] read32: addr=0xbfc00180 value=0x080028ad
[INFO] [CPU][JAL] PC=0xbfc00180 -> 0xb000a2b4 ($ra=0xbfc00188)
[INFO] [BIOS] read32: addr=0xbfc00184 value=0x0920083c
[INFO] [CPU][JAL] PC=0xbfc00184 -> 0xb48020f0 ($ra=0xbfc0018c)
[ERROR] [CPU] Unimplemented instruction: 0xffffffff at PC=0xb000a2b4
[INFO] [CPU][EXC] cause=0x0a EPC=0xb000a2b0 PC=0xb000a2b4 SR=0x10600000, instr=0xffffffff, opcode=0x3f
[INFO] [CPU][EXC] Jumping to handler 0xbfc00180
[INFO] [BIOS] read32: addr=0xbfc00180 value=0x080028ad
[INFO] [CPU][JAL] PC=0xbfc00180 -> 0xb000a2b4 ($ra=0xbfc00188)
[INFO] [BIOS] read32: addr=0xbfc00184 value=0x0920083c
[INFO] [CPU][JAL] PC=0xbfc00184 -> 0xb48020f0 ($ra=0xbfc0018c)
[ERROR] [CPU] Unimplemented instruction: 0xffffffff at PC=0xb000a2b4
[INFO] [CPU][EXC] cause=0x0a EPC=0xb000a2b0 PC=0xb000a2b4 SR=0x10600000, instr=0xffffffff, opcode=0x3f
[INFO] [CPU][EXC] Jumping to handler 0xbfc00180
[INFO] [BIOS] read32: addr=0xbfc00180 value=0x080028ad
[INFO] [CPU][JAL] PC=0xbfc00180 -> 0xb000a2b4 ($ra=0xbfc00188)
[INFO] [BIOS] read32: addr=0xbfc00184 value=0x0920083c
[INFO] [CPU][JAL] PC=0xbfc00184 -> 0xb48020f0 ($ra=0xbfc0018c)
[ERROR] [CPU] Unimplemented instruction: 0xffffffff at PC=0xb000a2b4
[INFO] [CPU][EXC] cause=0x0a EPC=0xb000a2b0 PC=0xb000a2b4 SR=0x10600000, instr=0xffffffff, opcode=0x3f
[INFO] [CPU][EXC] Jumping to handler 0xbfc00180
[INFO] [BIOS] read32: addr=0xbfc00180 value=0x080028ad
[INFO] [CPU][JAL] PC=0xbfc00180 -> 0xb000a2b4 ($ra=0xbfc00188)
[INFO] [BIOS] read32: addr=0xbfc00184 value=0x0920083c
[INFO] [CPU][JAL] PC=0xbfc00184 -> 0xb48020f0 ($ra=0xbfc0018c)
[ERROR] [CPU] Unimplemented instruction: 0xffffffff at PC=0xb000a2b4
[INFO] [CPU][EXC] cause=0x0a EPC=0xb000a2b0 PC=0xb000a2b4 SR=0x10600000, instr=0xffffffff, opcode=0x3f
[INFO] [CPU][EXC] Jumping to handler 0xbfc00180
[INFO] [BIOS] read32: addr=0xbfc00180 value=0x080028ad
[INFO] [CPU][JAL] PC=0xbfc00180 -> 0xb000a2b4 ($ra=0xbfc00188)
[INFO] [BIOS] read32: addr=0xbfc00184 value=0x0920083c
[INFO] [CPU][JAL] PC=0xbfc00184 -> 0xb48020f0 ($ra=0xbfc0018c)
[ERROR] [CPU] Unimplemented instruction: 0xffffffff at PC=0xb000a2b4
[INFO] [CPU][EXC] cause=0x0a EPC=0xb000a2b0 PC=0xb000a2b4 SR=0x10600000, instr=0xffffffff, opcode=0x3f
[INFO] [CPU][EXC] Jumping to handler 0xbfc00180
[INFO] [BIOS] read32: addr=0xbfc00180 value=0x080028ad
[INFO] [CPU][JAL] PC=0xbfc00180 -> 0xb000a2b4 ($ra=0xbfc00188)
[INFO] [BIOS] read32: addr=0xbfc00184 value=0x0920083c
[INFO] [CPU][JAL] PC=0xbfc00184 -> 0xb48020f0 ($ra=0xbfc0018c)
[ERROR] [CPU] Unimplemented instruction: 0xffffffff at PC=0xb000a2b4
[INFO] [CPU][EXC] cause=0x0a EPC=0xb000a2b0 PC=0xb000a2b4 SR=0x10600000, instr=0xffffffff, opcode=0x3f
[INFO] [CPU][EXC] Jumping to handler 0xbfc00180
[INFO] [BIOS] read32: addr=0xbfc00180 value=0x080028ad
[INFO] [CPU][JAL] PC=0xbfc00180 -> 0xb000a2b4 ($ra=0xbfc00188)
[INFO] [BIOS] read32: addr=0xbfc00184 value=0x0920083c
[INFO] [CPU][JAL] PC=0xbfc00184 -> 0xb48020f0 ($ra=0xbfc0018c)
[ERROR] [CPU] Unimplemented instruction: 0xffffffff at PC=0xb000a2b4
[INFO] [CPU][EXC] cause=0x0a EPC=0xb000a2b0 PC=0xb000a2b4 SR=0x10600000, instr=0xffffffff, opcode=0x3f
[INFO] [CPU][EXC] Jumping to handler 0xbfc00180
[INFO] [BIOS] read32: addr=0xbfc00180 value=0x080028ad
[INFO] [CPU][JAL] PC=0xbfc00180 -> 0xb000a2b4 ($ra=0xbfc00188)
[INFO] [BIOS] read32: addr=0xbfc00184 value=0x0920083c
[INFO] [CPU][JAL] PC=0xbfc00184 -> 0xb48020f0 ($ra=0xbfc0018c)
[ERROR] [CPU] Unimplemented instruction: 0xffffffff at PC=0xb000a2b4
[INFO] [CPU][EXC] cause=0x0a EPC=0xb000a2b0 PC=0xb000a2b4 SR=0x10600000, instr=0xffffffff, opcode=0x3f
[INFO] [CPU][EXC] Jumping to handler 0xbfc00180
[INFO] [BIOS] read32: addr=0xbfc00180 value=0x080028ad
[INFO] [CPU][JAL] PC=0xbfc00180 -> 0xb000a2b4 ($ra=0xbfc00188)
[INFO] [BIOS] read32: addr=0xbfc00184 value=0x0920083c
[INFO] [CPU][JAL] PC=0xbfc00184 -> 0xb48020f0 ($ra=0xbfc0018c)
[ERROR] [CPU] Unimplemented instruction: 0xffffffff at PC=0xb000a2b4
[INFO] [CPU][EXC] cause=0x0a EPC=0xb000a2b0 PC=0xb000a2b4 SR=0x10600000, instr=0xffffffff, opcode=0x3f
[INFO] [CPU][EXC] Jumping to handler 0xbfc00180
[INFO] [BIOS] read32: addr=0xbfc00180 value=0x080028ad
[INFO] [CPU][JAL] PC=0xbfc00180 -> 0xb000a2b4 ($ra=0xbfc00188)
[INFO] [BIOS] read32: addr=0xbfc00184 value=0x0920083c
[INFO] [CPU][JAL] PC=0xbfc00184 -> 0xb48020f0 ($ra=0xbfc0018c)
[ERROR] [CPU] Unimplemented instruction: 0xffffffff at PC=0xb000a2b4
[INFO] [CPU][EXC] cause=0x0a EPC=0xb000a2b0 PC=0xb000a2b4 SR=0x10600000, instr=0xffffffff, opcode=0x3f
[INFO] [CPU][EXC] Jumping to handler 0xbfc00180
[INFO] [BIOS] read32: addr=0xbfc00180 value=0x080028ad
[INFO] [CPU][JAL] PC=0xbfc00180 -> 0xb000a2b4 ($ra=0xbfc00188)
[INFO] [BIOS] read32: addr=0xbfc00184 value=0x0920083c
[INFO] [CPU][JAL] PC=0xbfc00184 -> 0xb48020f0 ($ra=0xbfc0018c)
[ERROR] [CPU] Unimplemented instruction: 0xffffffff at PC=0xb000a2b4
[INFO] [CPU][EXC] cause=0x0a EPC=0xb000a2b0 PC=0xb000a2b4 SR=0x10600000, instr=0xffffffff, opcode=0x3f
[INFO] [CPU][EXC] Jumping to handler 0xbfc00180
[INFO] [BIOS] read32: addr=0xbfc00180 value=0x080028ad
[INFO] [CPU][JAL] PC=0xbfc00180 -> 0xb000a2b4 ($ra=0xbfc00188)
[INFO] [BIOS] read32: addr=0xbfc00184 value=0x0920083c
[INFO] [CPU][JAL] PC=0xbfc00184 -> 0xb48020f0 ($ra=0xbfc0018c)
[ERROR] [CPU] Unimplemented instruction: 0xffffffff at PC=0xb000a2b4
[INFO] [CPU][EXC] cause=0x0a EPC=0xb000a2b0 PC=0xb000a2b4 SR=0x10600000, instr=0xffffffff, opcode=0x3f
[INFO] [CPU][EXC] Jumping to handler 0xbfc00180
[INFO] [BIOS] read32: addr=0xbfc00180 value=0x080028ad
[INFO] [CPU][JAL] PC=0xbfc00180 -> 0xb000a2b4 ($ra=0xbfc00188)
[INFO] [BIOS] read32: addr=0xbfc00184 value=0x0920083c
[INFO] [CPU][JAL] PC=0xbfc00184 -> 0xb48020f0 ($ra=0xbfc0018c)
[ERROR] [CPU] Unimplemented instruction: 0xffffffff at PC=0xb000a2b4
[INFO] [CPU][EXC] cause=0x0a EPC=0xb000a2b0 PC=0xb000a2b4 SR=0x10600000, instr=0xffffffff, opcode=0x3f
[INFO] [CPU][EXC] Jumping to handler 0xbfc00180
[INFO] [BIOS] read32: addr=0xbfc00180 value=0x080028ad
[INFO] [CPU][JAL] PC=0xbfc00180 -> 0xb000a2b4 ($ra=0xbfc00188)
[INFO] [BIOS] read32: addr=0xbfc00184 value=0x0920083c
[INFO] [CPU][JAL] PC=0xbfc00184 -> 0xb48020f0 ($ra=0xbfc0018c)
[ERROR] [CPU] Unimplemented instruction: 0xffffffff at PC=0xb000a2b4
[INFO] [CPU][EXC] cause=0x0a EPC=0xb000a2b0 PC=0xb000a2b4 SR=0x10600000, instr=0xffffffff, opcode=0x3f
[INFO] [CPU][EXC] Jumping to handler 0xbfc00180
[INFO] [BIOS] read32: addr=0xbfc00180 value=0x080028ad
[INFO] [CPU][JAL] PC=0xbfc00180 -> 0xb000a2b4 ($ra=0xbfc00188)
[INFO] [BIOS] read32: addr=0xbfc00184 value=0x0920083c
[INFO] [CPU][JAL] PC=0xbfc00184 -> 0xb48020f0 ($ra=0xbfc0018c)
[ERROR] [CPU] Unimplemented instruction: 0xffffffff at PC=0xb000a2b4
[INFO] [CPU][EXC] cause=0x0a EPC=0xb000a2b0 PC=0xb000a2b4 SR=0x10600000, instr=0xffffffff, opcode=0x3f
[INFO] [CPU][EXC] Jumping to handler 0xbfc00180
[INFO] [BIOS] read32: addr=0xbfc00180 value=0x080028ad
[INFO] [CPU][JAL] PC=0xbfc00180 -> 0xb000a2b4 ($ra=0xbfc00188)
[INFO] [BIOS] read32: addr=0xbfc00184 value=0x0920083c
[INFO] [CPU][JAL] PC=0xbfc00184 -> 0xb48020f0 ($ra=0xbfc0018c)
[ERROR] [CPU] Unimplemented instruction: 0xffffffff at PC=0xb000a2b4
[INFO] [CPU][EXC] cause=0x0a EPC=0xb000a2b0 PC=0xb000a2b4 SR=0x10600000, instr=0xffffffff, opcode=0x3f
[INFO] [CPU][EXC] Jumping to handler 0xbfc00180
[INFO] [BIOS] read32: addr=0xbfc00180 value=0x080028ad
[INFO] [CPU][JAL] PC=0xbfc00180 -> 0xb000a2b4 ($ra=0xbfc00188)
[INFO] [BIOS] read32: addr=0xbfc00184 value=0x0920083c
[INFO] [CPU][JAL] PC=0xbfc00184 -> 0xb48020f0 ($ra=0xbfc0018c)
[ERROR] [CPU] Unimplemented instruction: 0xffffffff at PC=0xb000a2b4
[INFO] [CPU][EXC] cause=0x0a EPC=0xb000a2b0 PC=0xb000a2b4 SR=0x10600000, instr=0xffffffff, opcode=0x3f
[INFO] [CPU][EXC] Jumping to handler 0xbfc00180
[INFO] [BIOS] read32: addr=0xbfc00180 value=0x080028ad
[INFO] [CPU][JAL] PC=0xbfc00180 -> 0xb000a2b4 ($ra=0xbfc00188)
[INFO] [BIOS] read32: addr=0xbfc00184 value=0x0920083c
[INFO] [CPU][JAL] PC=0xbfc00184 -> 0xb48020f0 ($ra=0xbfc0018c)
[ERROR] [CPU] Unimplemented instruction: 0xffffffff at PC=0xb000a2b4
[INFO] [CPU][EXC] cause=0x0a EPC=0xb000a2b0 PC=0xb000a2b4 SR=0x10600000, instr=0xffffffff, opcode=0x3f
[INFO] [CPU][EXC] Jumping to handler 0xbfc00180
[INFO] [BIOS] read32: addr=0xbfc00180 value=0x080028ad
[INFO] [CPU][JAL] PC=0xbfc00180 -> 0xb000a2b4 ($ra=0xbfc00188)
[INFO] [BIOS] read32: addr=0xbfc00184 value=0x0920083c
[INFO] [CPU][JAL] PC=0xbfc00184 -> 0xb48020f0 ($ra=0xbfc0018c)
[ERROR] [CPU] Unimplemented instruction: 0xffffffff at PC=0xb000a2b4
[INFO] [CPU][EXC] cause=0x0a EPC=0xb000a2b0 PC=0xb000a2b4 SR=0x10600000, instr=0xffffffff, opcode=0x3f
[INFO] [CPU][EXC] Jumping to handler 0xbfc00180
[INFO] [BIOS] read32: addr=0xbfc00180 value=0x080028ad
[INFO] [CPU][JAL] PC=0xbfc00180 -> 0xb000a2b4 ($ra=0xbfc00188)
[INFO] [BIOS] read32: addr=0xbfc00184 value=0x0920083c
[INFO] [CPU][JAL] PC=0xbfc00184 -> 0xb48020f0 ($ra=0xbfc0018c)
[ERROR] [CPU] Unimplemented instruction: 0xffffffff at PC=0xb000a2b4
[INFO] [CPU][EXC] cause=0x0a EPC=0xb000a2b0 PC=0xb000a2b4 SR=0x10600000, instr=0xffffffff, opcode=0x3f
[INFO] [CPU][EXC] Jumping to handler 0xbfc00180
[INFO] [BIOS] read32: addr=0xbfc00180 value=0x080028ad
[INFO] [CPU][JAL] PC=0xbfc00180 -> 0xb000a2b4 ($ra=0xbfc00188)
[INFO] [BIOS] read32: addr=0xbfc00184 value=0x0920083c
[INFO] [CPU][JAL] PC=0xbfc00184 -> 0xb48020f0 ($ra=0xbfc0018c)
[ERROR] [CPU] Unimplemented instruction: 0xffffffff at PC=0xb000a2b4
[INFO] [CPU][EXC] cause=0x0a EPC=0xb000a2b0 PC=0xb000a2b4 SR=0x10600000, instr=0xffffffff, opcode=0x3f
[INFO] [CPU][EXC] Jumping to handler 0xbfc00180
[INFO] [BIOS] read32: addr=0xbfc00180 value=0x080028ad
[INFO] [CPU][JAL] PC=0xbfc00180 -> 0xb000a2b4 ($ra=0xbfc00188)
[INFO] [BIOS] read32: addr=0xbfc00184 value=0x0920083c
[INFO] [CPU][JAL] PC=0xbfc00184 -> 0xb48020f0 ($ra=0xbfc0018c)
[ERROR] [CPU] Unimplemented instruction: 0xffffffff at PC=0xb000a2b4
[INFO] [CPU][EXC] cause=0x0a EPC=0xb000a2b0 PC=0xb000a2b4 SR=0x10600000, instr=0xffffffff, opcode=0x3f
[INFO] [CPU][EXC] Jumping to handler 0xbfc00180
[INFO] [BIOS] read32: addr=0xbfc00180 value=0x080028ad
[INFO] [CPU][JAL] PC=0xbfc00180 -> 0xb000a2b4 ($ra=0xbfc00188)
[INFO] [BIOS] read32: addr=0xbfc00184 value=0x0920083c
[INFO] [CPU][JAL] PC=0xbfc00184 -> 0xb48020f0 ($ra=0xbfc0018c)
[ERROR] [CPU] Unimplemented instruction: 0xffffffff at PC=0xb000a2b4
[INFO] [CPU][EXC] cause=0x0a EPC=0xb000a2b0 PC=0xb000a2b4 SR=0x10600000, instr=0xffffffff, opcode=0x3f
[INFO] [CPU][EXC] Jumping to handler 0xbfc00180
[INFO] [BIOS] read32: addr=0xbfc00180 value=0x080028ad
[INFO] [CPU][JAL] PC=0xbfc00180 -> 0xb000a2b4 ($ra=0xbfc00188)
[INFO] [BIOS] read32: addr=0xbfc00184 value=0x0920083c
[INFO] [CPU][JAL] PC=0xbfc00184 -> 0xb48020f0 ($ra=0xbfc0018c)
[ERROR] [CPU] Unimplemented instruction: 0xffffffff at PC=0xb000a2b4
[INFO] [CPU][EXC] cause=0x0a EPC=0xb000a2b0 PC=0xb000a2b4 SR=0x10600000, instr=0xffffffff, opcode=0x3f
[INFO] [CPU][EXC] Jumping to handler 0xbfc00180
[INFO] [BIOS] read32: addr=0xbfc00180 value=0x080028ad
[INFO] [CPU][JAL] PC=0xbfc00180 -> 0xb000a2b4 ($ra=0xbfc00188)
[INFO] [BIOS] read32: addr=0xbfc00184 value=0x0920083c
[INFO] [CPU][JAL] PC=0xbfc00184 -> 0xb48020f0 ($ra=0xbfc0018c)
[ERROR] [CPU] Unimplemented instruction: 0xffffffff at PC=0xb000a2b4
[INFO] [CPU][EXC] cause=0x0a EPC=0xb000a2b0 PC=0xb000a2b4 SR=0x10600000, instr=0xffffffff, opcode=0x3f
[INFO] [CPU][EXC] Jumping to handler 0xbfc00180
[INFO] [BIOS] read32: addr=0xbfc00180 value=0x080028ad
[INFO] [CPU][JAL] PC=0xbfc00180 -> 0xb000a2b4 ($ra=0xbfc00188)
[INFO] [BIOS] read32: addr=0xbfc00184 value=0x0920083c
[INFO] [CPU][JAL] PC=0xbfc00184 -> 0xb48020f0 ($ra=0xbfc0018c)
[ERROR] [CPU] Unimplemented instruction: 0xffffffff at PC=0xb000a2b4
[INFO] [CPU][EXC] cause=0x0a EPC=0xb000a2b0 PC=0xb000a2b4 SR=0x10600000, instr=0xffffffff, opcode=0x3f
[INFO] [CPU][EXC] Jumping to handler 0xbfc00180
[INFO] [BIOS] read32: addr=0xbfc00180 value=0x080028ad
[INFO] [CPU][JAL] PC=0xbfc00180 -> 0xb000a2b4 ($ra=0xbfc00188)
[INFO] [BIOS] read32: addr=0xbfc00184 value=0x0920083c
[INFO] [CPU][JAL] PC=0xbfc00184 -> 0xb48020f0 ($ra=0xbfc0018c)
[ERROR] [CPU] Unimplemented instruction: 0xffffffff at PC=0xb000a2b4
[INFO] [CPU][EXC] cause=0x0a EPC=0xb000a2b0 PC=0xb000a2b4 SR=0x10600000, instr=0xffffffff, opcode=0x3f
[INFO] [CPU][EXC] Jumping to handler 0xbfc00180
[INFO] Received SIGINT, exiting emulator main loop.
[INFO] Emulator core main loop exited
