[INFO] Emulator core starting main loop
[INFO] BIOS loaded from roms/SCPH1001.BIN (524288 bytes)
[INFO] DMA initialized
[INFO] Event queue initialized
[INFO] Event scheduled: type=0 cycle=5
[INFO] [TRACE] Main loop iteration 0
[INFO] [TRACE] Interconnect read32: addr=0xbfc00000
[INFO] [TRACE] Interconnect pointer: 0x7ffdbb075bf8
[INFO] [TRACE] EmulatorContext pointer: 0x7ffdbadf40c0
[INFO] [TRACE] Checking region 0: 0x00000000-0x001fffff
[INFO] [TRACE] Checking region 1: 0x80000000-0x801fffff
[INFO] [TRACE] Checking region 2: 0x1fc00000-0x1fc7ffff
[INFO] [TRACE] Checking region 3: 0xbfc00000-0xbfc7ffff
[INFO] [TRACE] Found matching region 3
[INFO] BIOS read32: addr=0xbfc00000 value=0x3c080013
[INFO] [CPU] PC=0xbfc00000, instruction=0x3c080013
[INFO] DMA step (stub)
[INFO] [TRACE] Main loop iteration 1
[INFO] [TRACE] Interconnect read32: addr=0xbfc00004
[INFO] [TRACE] Interconnect pointer: 0x7ffdbb075bf8
[INFO] [TRACE] EmulatorContext pointer: 0x7ffdbadf40c0
[INFO] [TRACE] Checking region 0: 0x00000000-0x001fffff
[INFO] [TRACE] Checking region 1: 0x80000000-0x801fffff
[INFO] [TRACE] Checking region 2: 0x1fc00000-0x1fc7ffff
[INFO] [TRACE] Checking region 3: 0xbfc00000-0xbfc7ffff
[INFO] [TRACE] Found matching region 3
[INFO] BIOS read32: addr=0xbfc00004 value=0x3508243f
[INFO] [CPU] PC=0xbfc00004, instruction=0x3508243f
[INFO] DMA step (stub)
[INFO] [TRACE] Main loop iteration 2
[INFO] [TRACE] Interconnect read32: addr=0xbfc00008
[INFO] [TRACE] Interconnect pointer: 0x7ffdbb075bf8
[INFO] [TRACE] EmulatorContext pointer: 0x7ffdbadf40c0
[INFO] [TRACE] Checking region 0: 0x00000000-0x001fffff
[INFO] [TRACE] Checking region 1: 0x80000000-0x801fffff
[INFO] [TRACE] Checking region 2: 0x1fc00000-0x1fc7ffff
[INFO] [TRACE] Checking region 3: 0xbfc00000-0xbfc7ffff
[INFO] [TRACE] Found matching region 3
[INFO] BIOS read32: addr=0xbfc00008 value=0x3c011f80
[INFO] [CPU] PC=0xbfc00008, instruction=0x3c011f80
[INFO] DMA step (stub)
[INFO] [TRACE] Main loop iteration 3
[INFO] [TRACE] Interconnect read32: addr=0xbfc0000c
[INFO] [TRACE] Interconnect pointer: 0x7ffdbb075bf8
[INFO] [TRACE] EmulatorContext pointer: 0x7ffdbadf40c0
[INFO] [TRACE] Checking region 0: 0x00000000-0x001fffff
[INFO] [TRACE] Checking region 1: 0x80000000-0x801fffff
[INFO] [TRACE] Checking region 2: 0x1fc00000-0x1fc7ffff
[INFO] [TRACE] Checking region 3: 0xbfc00000-0xbfc7ffff
[INFO] [TRACE] Found matching region 3
[INFO] BIOS read32: addr=0xbfc0000c value=0xac281010
[INFO] [CPU] PC=0xbfc0000c, instruction=0xac281010
[WARN] [CPU] SWC0: Store $8 (0x00000000) to addr 0x00001010 (stub, hardware reg write)
[INFO] DMA step (stub)
[INFO] [TRACE] Main loop iteration 4
[INFO] [TRACE] Interconnect read32: addr=0xbfc00010
[INFO] [TRACE] Interconnect pointer: 0x7ffdbb075bf8
[INFO] [TRACE] EmulatorContext pointer: 0x7ffdbadf40c0
[INFO] [TRACE] Checking region 0: 0x00000000-0x001fffff
[INFO] [TRACE] Checking region 1: 0x80000000-0x801fffff
[INFO] [TRACE] Checking region 2: 0x1fc00000-0x1fc7ffff
[INFO] [TRACE] Checking region 3: 0xbfc00000-0xbfc7ffff
[INFO] [TRACE] Found matching region 3
[INFO] BIOS read32: addr=0xbfc00010 value=0x00000000
[INFO] [CPU] PC=0xbfc00010, instruction=0x00000000
[INFO] DMA step (stub)
[INFO] [TRACE] Main loop iteration 5
[INFO] [TRACE] Interconnect read32: addr=0xbfc00014
[INFO] [TRACE] Interconnect pointer: 0x7ffdbb075bf8
[INFO] [TRACE] EmulatorContext pointer: 0x7ffdbadf40c0
[INFO] [TRACE] Checking region 0: 0x00000000-0x001fffff
[INFO] [TRACE] Checking region 1: 0x80000000-0x801fffff
[INFO] [TRACE] Checking region 2: 0x1fc00000-0x1fc7ffff
[INFO] [TRACE] Checking region 3: 0xbfc00000-0xbfc7ffff
[INFO] [TRACE] Found matching region 3
[INFO] BIOS read32: addr=0xbfc00014 value=0x24080b88
[INFO] [CPU] PC=0xbfc00014, instruction=0x24080b88
[INFO] DMA step (stub)
[INFO] Dispatching event: type=0
[INFO] [TRACE] Main loop iteration 6
[INFO] [TRACE] Interconnect read32: addr=0xbfc00018
[INFO] [TRACE] Interconnect pointer: 0x7ffdbb075bf8
[INFO] [TRACE] EmulatorContext pointer: 0x7ffdbadf40c0
[INFO] [TRACE] Checking region 0: 0x00000000-0x001fffff
[INFO] [TRACE] Checking region 1: 0x80000000-0x801fffff
[INFO] [TRACE] Checking region 2: 0x1fc00000-0x1fc7ffff
[INFO] [TRACE] Checking region 3: 0xbfc00000-0xbfc7ffff
[INFO] [TRACE] Found matching region 3
[INFO] BIOS read32: addr=0xbfc00018 value=0x3c011f80
[INFO] [CPU] PC=0xbfc00018, instruction=0x3c011f80
[INFO] DMA step (stub)
[INFO] [TRACE] Main loop iteration 7
[INFO] [TRACE] Interconnect read32: addr=0xbfc0001c
[INFO] [TRACE] Interconnect pointer: 0x7ffdbb075bf8
[INFO] [TRACE] EmulatorContext pointer: 0x7ffdbadf40c0
[INFO] [TRACE] Checking region 0: 0x00000000-0x001fffff
[INFO] [TRACE] Checking region 1: 0x80000000-0x801fffff
[INFO] [TRACE] Checking region 2: 0x1fc00000-0x1fc7ffff
[INFO] [TRACE] Checking region 3: 0xbfc00000-0xbfc7ffff
[INFO] [TRACE] Found matching region 3
[INFO] BIOS read32: addr=0xbfc0001c value=0xac281060
[INFO] [CPU] PC=0xbfc0001c, instruction=0xac281060
[WARN] [CPU] SWC0: Store $8 (0x00000000) to addr 0x00001060 (stub, hardware reg write)
[INFO] DMA step (stub)
[INFO] [TRACE] Main loop iteration 8
[INFO] [TRACE] Interconnect read32: addr=0xbfc00020
[INFO] [TRACE] Interconnect pointer: 0x7ffdbb075bf8
[INFO] [TRACE] EmulatorContext pointer: 0x7ffdbadf40c0
[INFO] [TRACE] Checking region 0: 0x00000000-0x001fffff
[INFO] [TRACE] Checking region 1: 0x80000000-0x801fffff
[INFO] [TRACE] Checking region 2: 0x1fc00000-0x1fc7ffff
[INFO] [TRACE] Checking region 3: 0xbfc00000-0xbfc7ffff
[INFO] [TRACE] Found matching region 3
[INFO] BIOS read32: addr=0xbfc00020 value=0x00000000
[INFO] [CPU] PC=0xbfc00020, instruction=0x00000000
[INFO] DMA step (stub)
[INFO] [TRACE] Main loop iteration 9
[INFO] [TRACE] Interconnect read32: addr=0xbfc00024
[INFO] [TRACE] Interconnect pointer: 0x7ffdbb075bf8
[INFO] [TRACE] EmulatorContext pointer: 0x7ffdbadf40c0
[INFO] [TRACE] Checking region 0: 0x00000000-0x001fffff
[INFO] [TRACE] Checking region 1: 0x80000000-0x801fffff
[INFO] [TRACE] Checking region 2: 0x1fc00000-0x1fc7ffff
[INFO] [TRACE] Checking region 3: 0xbfc00000-0xbfc7ffff
[INFO] [TRACE] Found matching region 3
[INFO] BIOS read32: addr=0xbfc00024 value=0x00000000
[INFO] [CPU] PC=0xbfc00024, instruction=0x00000000
[INFO] DMA step (stub)
[INFO] [TRACE] Main loop iteration 10
[INFO] [TRACE] Interconnect read32: addr=0xbfc00028
[INFO] [TRACE] Interconnect pointer: 0x7ffdbb075bf8
[INFO] [TRACE] EmulatorContext pointer: 0x7ffdbadf40c0
[INFO] [TRACE] Checking region 0: 0x00000000-0x001fffff
[INFO] [TRACE] Checking region 1: 0x80000000-0x801fffff
[INFO] [TRACE] Checking region 2: 0x1fc00000-0x1fc7ffff
[INFO] [TRACE] Checking region 3: 0xbfc00000-0xbfc7ffff
[INFO] [TRACE] Found matching region 3
[INFO] BIOS read32: addr=0xbfc00028 value=0x00000000
[INFO] [CPU] PC=0xbfc00028, instruction=0x00000000
[INFO] DMA step (stub)
[INFO] [TRACE] Main loop iteration 11
[INFO] [TRACE] Interconnect read32: addr=0xbfc0002c
[INFO] [TRACE] Interconnect pointer: 0x7ffdbb075bf8
[INFO] [TRACE] EmulatorContext pointer: 0x7ffdbadf40c0
[INFO] [TRACE] Checking region 0: 0x00000000-0x001fffff
[INFO] [TRACE] Checking region 1: 0x80000000-0x801fffff
[INFO] [TRACE] Checking region 2: 0x1fc00000-0x1fc7ffff
[INFO] [TRACE] Checking region 3: 0xbfc00000-0xbfc7ffff
[INFO] [TRACE] Found matching region 3
[INFO] BIOS read32: addr=0xbfc0002c value=0x00000000
[INFO] [CPU] PC=0xbfc0002c, instruction=0x00000000
[INFO] DMA step (stub)
[INFO] [TRACE] Main loop iteration 12
[INFO] [TRACE] Interconnect read32: addr=0xbfc00030
[INFO] [TRACE] Interconnect pointer: 0x7ffdbb075bf8
[INFO] [TRACE] EmulatorContext pointer: 0x7ffdbadf40c0
[INFO] [TRACE] Checking region 0: 0x00000000-0x001fffff
[INFO] [TRACE] Checking region 1: 0x80000000-0x801fffff
[INFO] [TRACE] Checking region 2: 0x1fc00000-0x1fc7ffff
[INFO] [TRACE] Checking region 3: 0xbfc00000-0xbfc7ffff
[INFO] [TRACE] Found matching region 3
[INFO] BIOS read32: addr=0xbfc00030 value=0x00000000
[INFO] [CPU] PC=0xbfc00030, instruction=0x00000000
[INFO] DMA step (stub)
[INFO] [TRACE] Main loop iteration 13
[INFO] [TRACE] Interconnect read32: addr=0xbfc00034
[INFO] [TRACE] Interconnect pointer: 0x7ffdbb075bf8
[INFO] [TRACE] EmulatorContext pointer: 0x7ffdbadf40c0
[INFO] [TRACE] Checking region 0: 0x00000000-0x001fffff
[INFO] [TRACE] Checking region 1: 0x80000000-0x801fffff
[INFO] [TRACE] Checking region 2: 0x1fc00000-0x1fc7ffff
[INFO] [TRACE] Checking region 3: 0xbfc00000-0xbfc7ffff
[INFO] [TRACE] Found matching region 3
[INFO] BIOS read32: addr=0xbfc00034 value=0x00000000
[INFO] [CPU] PC=0xbfc00034, instruction=0x00000000
[INFO] DMA step (stub)
[INFO] [TRACE] Main loop iteration 14
[INFO] [TRACE] Interconnect read32: addr=0xbfc00038
[INFO] [TRACE] Interconnect pointer: 0x7ffdbb075bf8
[INFO] [TRACE] EmulatorContext pointer: 0x7ffdbadf40c0
[INFO] [TRACE] Checking region 0: 0x00000000-0x001fffff
[INFO] [TRACE] Checking region 1: 0x80000000-0x801fffff
[INFO] [TRACE] Checking region 2: 0x1fc00000-0x1fc7ffff
[INFO] [TRACE] Checking region 3: 0xbfc00000-0xbfc7ffff
[INFO] [TRACE] Found matching region 3
[INFO] BIOS read32: addr=0xbfc00038 value=0x00000000
[INFO] [CPU] PC=0xbfc00038, instruction=0x00000000
[INFO] DMA step (stub)
[INFO] [TRACE] Main loop iteration 15
[INFO] [TRACE] Interconnect read32: addr=0xbfc0003c
[INFO] [TRACE] Interconnect pointer: 0x7ffdbb075bf8
[INFO] [TRACE] EmulatorContext pointer: 0x7ffdbadf40c0
[INFO] [TRACE] Checking region 0: 0x00000000-0x001fffff
[INFO] [TRACE] Checking region 1: 0x80000000-0x801fffff
[INFO] [TRACE] Checking region 2: 0x1fc00000-0x1fc7ffff
[INFO] [TRACE] Checking region 3: 0xbfc00000-0xbfc7ffff
[INFO] [TRACE] Found matching region 3
[INFO] BIOS read32: addr=0xbfc0003c value=0x00000000
[INFO] [CPU] PC=0xbfc0003c, instruction=0x00000000
[INFO] DMA step (stub)
[INFO] [TRACE] Main loop iteration 16
[INFO] [TRACE] Interconnect read32: addr=0xbfc00040
[INFO] [TRACE] Interconnect pointer: 0x7ffdbb075bf8
[INFO] [TRACE] EmulatorContext pointer: 0x7ffdbadf40c0
[INFO] [TRACE] Checking region 0: 0x00000000-0x001fffff
[INFO] [TRACE] Checking region 1: 0x80000000-0x801fffff
[INFO] [TRACE] Checking region 2: 0x1fc00000-0x1fc7ffff
[INFO] [TRACE] Checking region 3: 0xbfc00000-0xbfc7ffff
[INFO] [TRACE] Found matching region 3
[INFO] BIOS read32: addr=0xbfc00040 value=0x00000000
[INFO] [CPU] PC=0xbfc00040, instruction=0x00000000
[INFO] DMA step (stub)
[INFO] [TRACE] Main loop iteration 17
[INFO] [TRACE] Interconnect read32: addr=0xbfc00044
[INFO] [TRACE] Interconnect pointer: 0x7ffdbb075bf8
[INFO] [TRACE] EmulatorContext pointer: 0x7ffdbadf40c0
[INFO] [TRACE] Checking region 0: 0x00000000-0x001fffff
[INFO] [TRACE] Checking region 1: 0x80000000-0x801fffff
[INFO] [TRACE] Checking region 2: 0x1fc00000-0x1fc7ffff
[INFO] [TRACE] Checking region 3: 0xbfc00000-0xbfc7ffff
[INFO] [TRACE] Found matching region 3
[INFO] BIOS read32: addr=0xbfc00044 value=0x00000000
[INFO] [CPU] PC=0xbfc00044, instruction=0x00000000
[INFO] DMA step (stub)
[INFO] [TRACE] Main loop iteration 18
[INFO] [TRACE] Interconnect read32: addr=0xbfc00048
[INFO] [TRACE] Interconnect pointer: 0x7ffdbb075bf8
[INFO] [TRACE] EmulatorContext pointer: 0x7ffdbadf40c0
[INFO] [TRACE] Checking region 0: 0x00000000-0x001fffff
[INFO] [TRACE] Checking region 1: 0x80000000-0x801fffff
[INFO] [TRACE] Checking region 2: 0x1fc00000-0x1fc7ffff
[INFO] [TRACE] Checking region 3: 0xbfc00000-0xbfc7ffff
[INFO] [TRACE] Found matching region 3
[INFO] BIOS read32: addr=0xbfc00048 value=0x00000000
[INFO] [CPU] PC=0xbfc00048, instruction=0x00000000
[INFO] DMA step (stub)
[INFO] [TRACE] Main loop iteration 19
[INFO] [TRACE] Interconnect read32: addr=0xbfc0004c
[INFO] [TRACE] Interconnect pointer: 0x7ffdbb075bf8
[INFO] [TRACE] EmulatorContext pointer: 0x7ffdbadf40c0
[INFO] [TRACE] Checking region 0: 0x00000000-0x001fffff
[INFO] [TRACE] Checking region 1: 0x80000000-0x801fffff
[INFO] [TRACE] Checking region 2: 0x1fc00000-0x1fc7ffff
[INFO] [TRACE] Checking region 3: 0xbfc00000-0xbfc7ffff
[INFO] [TRACE] Found matching region 3
[INFO] BIOS read32: addr=0xbfc0004c value=0x00000000
[INFO] [CPU] PC=0xbfc0004c, instruction=0x00000000
[INFO] DMA step (stub)
[INFO] [TRACE] Main loop iteration 20
[INFO] [TRACE] Interconnect read32: addr=0xbfc00050
[INFO] [TRACE] Interconnect pointer: 0x7ffdbb075bf8
[INFO] [TRACE] EmulatorContext pointer: 0x7ffdbadf40c0
[INFO] [TRACE] Checking region 0: 0x00000000-0x001fffff
[INFO] [TRACE] Checking region 1: 0x80000000-0x801fffff
[INFO] [TRACE] Checking region 2: 0x1fc00000-0x1fc7ffff
[INFO] [TRACE] Checking region 3: 0xbfc00000-0xbfc7ffff
[INFO] [TRACE] Found matching region 3
[INFO] BIOS read32: addr=0xbfc00050 value=0x00000000
[INFO] [CPU] PC=0xbfc00050, instruction=0x00000000
[INFO] DMA step (stub)
[INFO] [TRACE] Main loop iteration 21
[INFO] [TRACE] Interconnect read32: addr=0xbfc00054
[INFO] [TRACE] Interconnect pointer: 0x7ffdbb075bf8
[INFO] [TRACE] EmulatorContext pointer: 0x7ffdbadf40c0
[INFO] [TRACE] Checking region 0: 0x00000000-0x001fffff
[INFO] [TRACE] Checking region 1: 0x80000000-0x801fffff
[INFO] [TRACE] Checking region 2: 0x1fc00000-0x1fc7ffff
[INFO] [TRACE] Checking region 3: 0xbfc00000-0xbfc7ffff
[INFO] [TRACE] Found matching region 3
[INFO] BIOS read32: addr=0xbfc00054 value=0x00000000
[INFO] [CPU] PC=0xbfc00054, instruction=0x00000000
[INFO] DMA step (stub)
[INFO] 