[15:37:53][INFO][SYSTEM] Emulator started
[15:37:53][INFO][SYSTEM] --- ZoniStation One Emulator ---
[15:37:53][INFO][SYSTEM] Attempting to load BIOS from: roms/SCPH1001.BIN
[15:37:53][INFO][SYSTEM] Initializing SDL Video...
[15:37:53][INFO][SYSTEM] Creating SDL Window (1024x512, OpenGL)...
[15:37:53][INFO][SYSTEM] Creating OpenGL Context...
[15:37:53][INFO][SYSTEM] Initializing GLEW...
[15:37:53][INFO][SYSTEM] GLEW Initialized. OpenGL Version: 4.5 (Core Profile) Mesa 25.0.7-0ubuntu0.24.04.2
[15:37:53][INFO][SYSTEM] Initializing Emulator Components...
[15:37:53][INFO][SYSTEM]   Initializing RAM...
[15:37:53][INFO][RAM] RAM initialized
[15:37:53][INFO][BIOS] BIOS loaded successfully from roms/SCPH1001.BIN (524288 bytes)
[15:37:53][DEBUG][INTERCONNECT] Interconnect initialized
[15:37:53][INFO][DMA] DMA initialized
[15:37:53][INFO][GPU] GPU full initialization (with VRAM)
[15:37:53][INFO][GPU] GPU Initializing (full)...
[15:37:53][INFO][VRAM] VRAM initialized
[15:37:53][INFO][VRAM] VRAM Initialized (1048576 bytes, filled with 0x00).
[15:37:53][INFO][GPU] GPU Initialized (State reset, VRAM initialized).
[15:37:53][INFO][TIMER] Timers initialized
[15:37:53][DEBUG][INTERCONNECT] Interconnect Initialized (BIOS, RAM, DMA, GPU, CDROM, SIO, IRQ states set).
[15:37:53][INFO][RENDERER] [RENDERER] Initializing renderer
[15:37:53][INFO][RENDERER] Initializing Renderer...
[15:37:53][INFO][RENDERER] Compiling vertex shader...
[15:37:53][INFO][RENDERER] Shader compiled successfully (Type: Vertex)
[15:37:53][INFO][RENDERER] Compiling fragment shader...
[15:37:53][INFO][RENDERER] Shader compiled successfully (Type: Fragment)
[15:37:53][INFO][RENDERER] Linking shader program...
[15:37:53][INFO][RENDERER] Shader program linked successfully (ID: 3)
[15:37:53][INFO][RENDERER] Found uniform 'offset' at location: 0
[15:37:53][INFO][RENDERER] Creating VAO...
[15:37:53][ERROR][CDROM] [CDROM] Failed to open BIN file: games/Crash Bandicoot.bin
[15:37:53][INFO][CPU] CPU initialization started
[15:37:53][DEBUG][CPU] Initializing I-Cache...
[15:37:53][DEBUG][CPU] Initializing GTE...
[15:37:53][INFO][GTE] GTE initialized
[15:37:53][DEBUG][GTE] Initializing GTE...
[15:37:53][DEBUG][GTE] GTE Initialized
[15:37:53][INFO][CPU] CPU initialized, PC=0xbfc00000
[15:37:53][DEBUG][INTERCONNECT] Interconnect CPU pointer set (exception triggering enabled).
[15:37:53][DEBUG][EVENT] [EventQ][DEF] Scheduled Timer0 event: now=32711, target=33735, pending=0xAB461AB3
[15:37:53][INFO][CPU] *** BOOT STAGE: BIOS_INIT ***
[15:37:53][INFO][CPU] Kernel initialization: PC in ROM (0xbfc00000-0xbfc10000)
[15:37:53][DEBUG][EVENT] [DMA] Entered GPU DMA event handler
[15:37:53][DEBUG][EVENT] [DMA] GPU DMA event handler called
[15:37:53][DEBUG][EVENT] [DMA] GPU DMA event fired, but channel not enabled (already done?)
[15:37:53][DEBUG][EVENT] [DMA] CDROM DMA event handler called (stub)
[15:37:53][TRACE][INTERCONNECT] Write32 to Memory Control register (0x1f801010) = 0x0013243f (Acknowledged)
[15:37:53][DEBUG][INTERCONNECT] ~ Write32 to RAM_SIZE register (0x00000b88) = 0x1f801060 (Ignoring)
[15:37:53][DEBUG][CPU] MTC0 write to SR: 0x00010000 (PC=0xbfc0023c)
[15:37:53][DEBUG][CPU] MTC0 write to SR: 0x00000000 (PC=0xbfc00278)
[15:37:53][DEBUG][CPU] MTC0 write to SR: 0x00010000 (PC=0xbfc0028c)
[15:37:53][TRACE][IRQ] IRQ Check #1000: I_STAT=0x0000, I_MASK=0x0000, SR=0x00010000, Cause=0x00000000, pending=0
[15:37:53][TRACE][BIOS] bios_load32: #1000 offset=0x31C value=0xAD40007C
[15:37:53][DEBUG][EVENT] [EventQ][DEF] Firing Timer0 event: now=33735, target=33735, pending=0xAB460003
[15:37:53][DEBUG][EVENT] [EventQ] DISPATCH Timer0 event handler called (count=1)
[15:37:53][DEBUG][TIMER] [TIMER] timer_event_handler called for Timer0
[15:37:53][DEBUG][TIMER] [TIMER] Timer0 event triggered (counter=0x0000, mode=0x0000, target=0x0000)
[15:37:53][DEBUG][TIMER] [TIMER] timers_schedule_next_event for Timer0
[15:37:53][DEBUG][EVENT] [EventQ][DEF] Scheduled Timer0 event: now=33735, target=598215, pending=0xAB460003
[15:37:53][DEBUG][CPU] MTC0 write to SR: 0x00000000 (PC=0xbfc00328)
[15:37:53][TRACE][IRQ] IRQ Check #2000: I_STAT=0x0000, I_MASK=0x0000, SR=0x00000000, Cause=0x00000000, pending=0
[15:37:53][TRACE][BIOS] bios_load32: #2000 offset=0x3BC value=0x20420004
[15:37:53][TRACE][IRQ] IRQ Check #3000: I_STAT=0x0000, I_MASK=0x0000, SR=0x00000000, Cause=0x00000000, pending=0
[15:37:53][TRACE][BIOS] bios_load32: #3000 offset=0x3BC value=0x20420004
[15:37:53][TRACE][IRQ] IRQ Check #4000: I_STAT=0x0000, I_MASK=0x0000, SR=0x00000000, Cause=0x00000000, pending=0
[15:37:53][TRACE][BIOS] bios_load32: #4000 offset=0x3BC value=0x20420004
[15:37:53][TRACE][IRQ] IRQ Check #5000: I_STAT=0x0000, I_MASK=0x0000, SR=0x00000000, Cause=0x00000000, pending=0
[15:37:53][TRACE][BIOS] bios_load32: #5000 offset=0x3BC value=0x20420004
[15:37:53][TRACE][BIOS] bios_load32: #6000 offset=0x3BC value=0x20420004
[15:37:53][TRACE][BIOS] bios_load32: #7000 offset=0x3BC value=0x20420004
[15:37:53][TRACE][BIOS] bios_load32: #8000 offset=0x3BC value=0x20420004
[15:37:53][TRACE][BIOS] bios_load32: #9000 offset=0x3BC value=0x20420004
[15:37:53][DEBUG][TIMER] [Timer0] Write16: offset=0x4 value=0x0000
[15:37:53][DEBUG][TIMER] [Timer0] Write16: offset=0x8 value=0x0000
[15:37:53][DEBUG][TIMER] [Timer0] Target set: 0x0000
[15:37:53][DEBUG][TIMER] [Timer0] Write16: offset=0x0 value=0x0000
[15:37:53][DEBUG][TIMER] [Timer1] Write16: offset=0x4 value=0x0000
[15:37:53][DEBUG][TIMER] [Timer1] Write16: offset=0x8 value=0x0000
[15:37:53][DEBUG][EVENT] [EventQ][DEF] Firing Timer0 event: now=598215, target=598215, pending=0xAB460003
[15:37:53][DEBUG][EVENT] [EventQ] DISPATCH Timer0 event handler called (count=2)
[15:37:53][TRACE][BIOS] bios_load32: #999000 offset=0x2B68 value=0x90AE0000
[15:37:53][TRACE][INTERCONNECT] IO READ32 #1875500 at 0x1fc02b78
[15:37:53][TRACE][BIOS] bios_load32: #1999000 offset=0x2B78 value=0x1CC0FFFB
[15:37:53][DEBUG][DMA] ~ Write32 to DMA region: Addr=0x1f8010f0 Offset=0x70 = 0x076f4321
[15:37:53][TRACE][DMA] Write32 to DMA region: Addr=0x00000070 Offset=0x00 = 0x076f4321
[15:37:53][TRACE][DMA] SPU FIFO Write16 #10000: value=0x0000
[15:37:53][TRACE][INTERCONNECT] IO READ32 #3514500 at 0x001fecf8
[15:37:53][TRACE][DMA] SPU FIFO Write16 #20000: value=0x0000
[15:37:53][TRACE][IRQ] IRQ Check #9817000: I_STAT=0x0000, I_MASK=0x0003, SR=0x00000001, Cause=0x00000000, pending=0
[15:37:53][TRACE][INTERCONNECT] IO WRITE32 #1556500 at 0x001ffccc = 0x000000a5
[15:37:54][DEBUG][GPU] [GPUSTAT] Read: 0x1cc02000 (VBlank=1)
[15:37:54][DEBUG][GPU] [GP0] Command: 0xe1003000 (Opcode: 0xe1)
[15:37:54][DEBUG][GPU] [GPUSTAT] Read: 0x1dc02000 (VBlank=1)
[15:37:54][DEBUG][GPU] [GP0] Command: 0xe1003000 (Opcode: 0xe1)
[15:37:54][DEBUG][GPU] [GPUSTAT] Read: 0x1cc02000 (VBlank=1)
[15:37:54][DEBUG][GPU] [GP0] Command: 0xe1003000 (Opcode: 0xe1)
[15:37:54][DEBUG][GPU] [GPUSTAT] Read: 0x1dc02000 (VBlank=1)
[15:37:54][TRACE][INTERCONNECT] IO READ32 #6448500 at 0x00079d9c
[15:37:54][TRACE][IRQ] IRQ Check #19608000: I_STAT=0x0000, I_MASK=0x000b, SR=0x00000001, Cause=0x00000000, pending=0
[15:37:54][DEBUG][GPU] [GP0] Command: 0x00000000 (Opcode: 0x00)
[15:37:54][DEBUG][GPU] [GP0] Command: 0x85555000 (Opcode: 0x85)
[15:37:54][DEBUG][GPU] [GP0] Command: 0x85555555 (Opcode: 0x85)
[15:37:54][TRACE][INTERCONNECT] IO READ32 #7660500 at 0x001ffb98
[15:37:54][DEBUG][GPU] [GP0] Command: 0x00000000 (Opcode: 0x00)
[15:37:54][DEBUG][GPU] [GP0] Command: 0x00000000 (Opcode: 0x00)
[15:37:54][TRACE][IRQ] IRQ Check #29457000: I_STAT=0x0000, I_MASK=0x000b, SR=0x00000001, Cause=0x00000000, pending=0
[15:37:54][DEBUG][GPU] [GP0] Command: 0x56000000 (Opcode: 0x56)
[15:37:54][DEBUG][GPU] GPU: DMA Direction = 2 (GP1 Cmd 0x04)
[15:37:54][TRACE][INTERCONNECT] IO READ32 #8923500 at 0x001ffcf4
[15:37:54][DEBUG][DMA] DMA Channel 2 activated by write to offset 0x28.
[15:37:55][TRACE][IRQ] IRQ Check #39369000: I_STAT=0x0000, I_MASK=0x000b, SR=0x00000001, Cause=0x00000000, pending=0
[15:37:55][DEBUG][SYSTEM] [BIOS_REGION] PC=0x80059df4: Patch/CD Check (RAM)
[15:37:55][DEBUG][GPU] [GPUSTAT] Read: 0x1c43220a (VBlank=0)
[15:37:55][TRACE][INTERCONNECT] IO READ32 #10731500 at 0x00079d9c
[15:37:55][DEBUG][DMA]   DMA Channel 6 activated by write to offset 0x68.
[15:37:55][TRACE][IRQ] IRQ Check #49277000: I_STAT=0x0000, I_MASK=0x000b, SR=0x00000001, Cause=0x00000000, pending=0
[15:37:55][TRACE][INTERCONNECT] IO READ32 #12543500 at 0x001ffcf4
[15:37:55][DEBUG][DMA] --- Finished DMA Transfer for Channel 2 ---
[15:37:55][DEBUG][GPU] [GP1] Command: 0x08000027 (Opcode: 0x08)
[15:37:55][TRACE][INTERCONNECT] IO READ32 #14315000 at 0x001ffd4c
[15:37:56][TRACE][IRQ] IRQ Check #59189000: I_STAT=0x0000, I_MASK=0x000b, SR=0x00000001, Cause=0x00000000, pending=0
[15:37:56][DEBUG][GPU] [GP0] Command: 0x00000000 (Opcode: 0x00)
[15:37:56][DEBUG][DMA] ~ Write32 to DMA region: Addr=0x1f8010a0 Offset=0x20 = 0x800eb8d4
[15:37:56][TRACE][INTERCONNECT] IO READ32 #16125000 at 0x00079d9c
[15:37:56][DEBUG][TIMER] [TIMER] timer_event_handler called for Timer0
[15:37:56][DEBUG][GPU] [GP0] Command: 0x000000b2 (Opcode: 0x00)
[15:37:56][TRACE][IRQ] IRQ Check #69097000: I_STAT=0x0000, I_MASK=0x000b, SR=0x00000001, Cause=0x00000000, pending=0
[15:37:56][DEBUG][SYSTEM] [BIOS_REGION] PC=0x8003fa2c: BIOS Menu/Logo (RAM)
[15:37:56][TRACE][INTERCONNECT] IO READ32 #17931000 at 0x00079d9c
[15:37:56][TRACE][DMA] Write32 to DMA region: Addr=0x00000024 Offset=0x04 = 0x00000000
[15:37:56][DEBUG][GPU] [GP0] Command: 0x00008cb2 (Opcode: 0x00)
[15:37:56][TRACE][INTERCONNECT] IO WRITE32 #7139500 at 0x001ffd4c = 0x000029d9
[15:37:57][TRACE][IRQ] IRQ Check #79009000: I_STAT=0x0000, I_MASK=0x000b, SR=0x00000001, Cause=0x00000000, pending=0
[15:37:57][DEBUG][DMA] DMA Channel 6 activated by write to offset 0x68.
[15:37:57][DEBUG][GPU] [GP0] Command: 0x000e00ef (Opcode: 0x00)
[15:37:57][TRACE][INTERCONNECT] IO READ32 #21388500 at 0x00079d9c
[15:37:57][INFO][GPU] GP0(0x01): Clear Cache (Ignoring - No texture cache implemented)
[15:37:57][DEBUG][GPU] [GP0] Command: 0x017e01b8 (Opcode: 0x01)
[15:37:57][INFO][DMA] DMA GPU Linked List: End marker (0x800000) found in header 0x00ffffff.
[15:37:57][TRACE][IRQ] IRQ Check #88919000: I_STAT=0x0000, I_MASK=0x000b, SR=0x00000001, Cause=0x00000000, pending=0
[15:37:57][TRACE][SYSTEM] [BIOS_WHITELIST] LOAD32 pc=0x80050d08 phys=0x001ffd5c val=0x800eb8d4
[15:37:57][DEBUG][RENDERER] Renderer: Draw finished, vertex count reset.
[15:37:57][TRACE][INTERCONNECT] IO READ32 #23101000 at 0x001ffd4c
[15:37:57][DEBUG][GPU] [GP1] Command: 0x04000000 (Opcode: 0x04)
[15:37:57][DEBUG][DMA] ~ Write32 to DMA region: Addr=0x1f8010f0 Offset=0x70 = 0x0f6f4b21
[15:37:57][TRACE][INTERCONNECT] IO READ32 #24912000 at 0x001ffd4c
[15:37:57][DEBUG][GPU] [GP1] Command: 0x05000800 (Opcode: 0x05)
[15:37:58][TRACE][IRQ] IRQ Check #98827000: I_STAT=0x0000, I_MASK=0x000b, SR=0x00000001, Cause=0x00000000, pending=0
[15:37:58][DEBUG][GPU] [GP0] Command: 0x01e00000 (Opcode: 0x01)
[15:37:58][TRACE][INTERCONNECT] IO READ32 #26720000 at 0x001ffd4c
[15:37:58][TRACE][DMA] Write32 to DMA region: Addr=0x00000020 Offset=0x00 = 0x800ebca4
[15:37:58][TRACE][SYSTEM]   Uploading color data (54 bytes)...
[15:37:58][DEBUG][GPU] [GP0] Command: 0x300000b2 (Opcode: 0x30)
[15:37:58][TRACE][IRQ] IRQ Check #108739000: I_STAT=0x0000, I_MASK=0x000b, SR=0x00000001, Cause=0x00000000, pending=0
[15:37:58][TRACE][INTERCONNECT] IO READ32 #28531000 at 0x001ffd4c
[15:37:58][DEBUG][GPU] [GP0] Command: 0x017e00c8 (Opcode: 0x01)
[15:37:58][TRACE][DMA] Write32 to DMA region: Addr=0x00000064 Offset=0x04 = 0x00000400
[15:37:58][DEBUG][GPU] [GP0] Command: 0x00002fef (Opcode: 0x00)
[15:37:58][TRACE][IRQ] IRQ Check #118647000: I_STAT=0x0000, I_MASK=0x000b, SR=0x00000001, Cause=0x00000000, pending=0
[15:37:59][TRACE][INTERCONNECT] IO WRITE32 #10654500 at 0x001ffd4c = 0x000072f2
[15:37:59][DEBUG][GPU] [GP0] Command: 0xe2000000 (Opcode: 0xe2)
[15:37:59][INFO][DMA] --- Starting DMA Transfer for Channel 2 ---
[15:37:59][TRACE][SYSTEM]   Uploading tpage data (72 bytes)...
[15:37:59][TRACE][INTERCONNECT] IO READ32 #32150000 at 0x00079d9c
[15:37:59][DEBUG][RENDERER] Renderer: Drawing 18 vertices...
[15:37:59][DEBUG][GPU] [GP0] Command: 0x00000000 (Opcode: 0x00)
[15:37:59][TRACE][IRQ] IRQ Check #128559000: I_STAT=0x0000, I_MASK=0x000b, SR=0x00000001, Cause=0x00000000, pending=0
[15:37:59][DEBUG][CDROM] [CDROM] INT ACK: 0x1F, remaining: 0
[15:37:59][DEBUG][CDROM] [CDROM] INT ACK: 0x00, remaining: 0
[15:37:59][INFO][CDROM] [CDROM] Command: 0x19
[15:37:59][INFO][CDROM] [CDROM] Executing command: 0x19
[15:37:59][DEBUG][CDROM] [CDROM] Test subfunction: 0x20
[15:37:59][INFO][CDROM] [CDROM] INT3 (ACK)
[15:37:59][DEBUG][CDROM] [CDROM] INT ACK: 0x07, remaining: 0
[15:37:59][DEBUG][CDROM] [CDROM] INT ACK: 0x00, remaining: 0
[15:37:59][INFO][CDROM] [CDROM] Command: 0x01
[15:37:59][INFO][CDROM] [CDROM] Executing command: 0x01
[15:37:59][TRACE][GTE] [GTE] Executing instruction: 0x48c8e800
[15:37:59][DEBUG][GTE] GTE: OP (sf=1, lm=0)
[15:37:59][TRACE][GTE] [GTE] Executing instruction: 0x48c8f000
[15:37:59][DEBUG][GTE] GTE: OP (sf=1, lm=0)
[15:37:59][TRACE][GTE] [GTE] Executing instruction: 0x48c8d000
[15:37:59][DEBUG][GTE] GTE: OP (sf=1, lm=0)
[15:37:59][TRACE][GTE] [GTE] Executing instruction: 0x48c8d800
[15:37:59][DEBUG][GPU] [GPUREAD] Image Store Read: 0x00000000 (Rem: 1319)
[15:37:59][DEBUG][GPU] [GPUREAD] Image Store Read: 0x555555a4 (Rem: 319)
[15:37:59][TRACE][INTERCONNECT] IO READ32 #33960000 at 0x001ffcb8
[15:37:59][DEBUG][GPU] [GPUREAD] Image Store Read: 0x55555555 (Rem: 1279)
[15:37:59][DEBUG][GPU] [GPUREAD] Image Store Read: 0x00855530 (Rem: 279)
[15:37:59][TRACE][BIOS] bios_load32: #2999000 offset=0x222C value=0xAC239010
[15:37:59][DEBUG][TIMER] [TIMER] timer_event_handler called for Timer0
[15:37:59][TRACE][IRQ] IRQ Check #138419000: I_STAT=0x0000, I_MASK=0x000f, SR=0x40000001, Cause=0x80000000, pending=0
[15:38:00][DEBUG][GPU] [GPUREAD] Image Store Read: 0x00000000 (Rem: 1239)
[15:38:00][DEBUG][GPU] [GPUREAD] Image Store Read: 0x00000000 (Rem: 239)
[15:38:00][DEBUG][GPU] [GPUREAD] Image Store Read: 0x00000000 (Rem: 1199)
[15:38:00][DEBUG][GPU] [GPUREAD] Image Store Read: 0x00555555 (Rem: 199)
[15:38:00][DEBUG][CPU] @SUSPICIOUS_JR from PC=0x000000a8: $8=0x000005c4 -> jumping to 0x000005c4
[15:38:00][TRACE][INTERCONNECT] IO READ16 #2106500 at 0x001ffcae
[15:38:00][TRACE][IRQ] IRQ Check #148331000: I_STAT=0x0000, I_MASK=0x000f, SR=0x40000001, Cause=0x80000000, pending=0
[15:38:00][DEBUG][GPU] [GPUREAD] Image Store Read: 0x00355555 (Rem: 1159)
[15:38:00][DEBUG][GPU] [GPUREAD] Image Store Read: 0x00000000 (Rem: 159)
[15:38:00][DEBUG][GPU] [GPUREAD] Image Store Read: 0x00000000 (Rem: 1119)
[15:38:00][DEBUG][GPU] [GPUREAD] Image Store Read: 0x00000000 (Rem: 119)
[15:38:00][DEBUG][GPU] [GPUREAD] Image Store Read: 0x55552000 (Rem: 6640)
[15:38:00][DEBUG][GPU] [GPUREAD] Image Store Read: 0x00008555 (Rem: 5640)
[15:38:00][DEBUG][GPU] [GPUREAD] Image Store Read: 0x00055500 (Rem: 4640)
[15:38:00][DEBUG][GPU] [GPUREAD] Image Store Read: 0x00000000 (Rem: 3640)
[15:38:00][DEBUG][GPU] [GPUREAD] Image Store Read: 0x00000000 (Rem: 2640)
[15:38:00][DEBUG][GPU] [GPUREAD] Image Store Read: 0x00000000 (Rem: 1640)
[15:38:00][DEBUG][GPU] [GPUREAD] Image Store Read: 0x00000000 (Rem: 640)
[15:38:00][DEBUG][GPU] [GPUREAD] Image Store Read: 0x40000000 (Rem: 1385)
[15:38:00][DEBUG][GPU] [GPUREAD] Image Store Read: 0x00000000 (Rem: 385)
[15:38:00][DEBUG][GPU] [GPUREAD] Image Store Read: 0x55555555 (Rem: 1130)
[15:38:00][DEBUG][GPU] [GPUREAD] Image Store Read: 0x00000000 (Rem: 130)
[15:38:00][DEBUG][GPU] [GPUREAD] Image Store Read: 0x55554000 (Rem: 875)
[15:38:00][DEBUG][GPU] [GP0] Command: 0x00011e2d (Opcode: 0x00)
[15:38:00][DEBUG][GPU] [GPUREAD] Image Store Read: 0x00000000 (Rem: 620)
[15:38:00][DEBUG][GPU] [GPUREAD] Image Store Read: 0x00000000 (Rem: 1365)
[15:38:00][DEBUG][GPU] [GPUREAD] Image Store Read: 0x44444444 (Rem: 365)
[15:38:00][DEBUG][GPU] [GPUREAD] Image Store Read: 0x02555555 (Rem: 3558)
[15:38:00][DEBUG][GPU] [GPUREAD] Image Store Read: 0x59955555 (Rem: 2558)
[15:38:00][DEBUG][GPU] [GPUREAD] Image Store Read: 0x00000000 (Rem: 1558)
[15:38:00][DEBUG][GPU] [GPUREAD] Image Store Read: 0x00000000 (Rem: 558)
[15:38:00][DEBUG][GPU] [GPUREAD] Image Store Read: 0x50000555 (Rem: 1551)
[15:38:00][DEBUG][GPU] [GPUREAD] Image Store Read: 0x08555555 (Rem: 551)
[15:38:00][DEBUG][DMA] ~ Write32 to DMA region: Addr=0x1f8010f0 Offset=0x70 = 0x00009899
[15:38:00][TRACE][INTERCONNECT] IO READ32 #36111500 at 0x001ffd3c
[15:38:00][TRACE][IRQ] IRQ Check #158237000: I_STAT=0x0000, I_MASK=0x004f, SR=0x40000001, Cause=0x80000000, pending=0
[15:38:01][TRACE][IRQ] IRQ Check #168149000: I_STAT=0x0000, I_MASK=0x004f, SR=0x40000001, Cause=0x80000000, pending=0
[15:38:01][TRACE][INTERCONNECT] IO READ32 #38577500 at 0x00083c58
[15:38:01][TRACE][IRQ] IRQ Check #178057000: I_STAT=0x0000, I_MASK=0x004f, SR=0x40000001, Cause=0x80000000, pending=0
[15:38:02][TRACE][INTERCONNECT] IO READ32 #41077500 at 0x00083c58
[15:38:02][TRACE][IRQ] IRQ Check #187971000: I_STAT=0x0000, I_MASK=0x004f, SR=0x40000001, Cause=0x80000000, pending=0
[15:38:02][TRACE][IRQ] IRQ Check #197879000: I_STAT=0x0000, I_MASK=0x004f, SR=0x40000001, Cause=0x80000000, pending=0
[15:38:02][TRACE][INTERCONNECT] IO READ32 #43577500 at 0x00083c58
[15:38:02][DEBUG][TIMER] [VBlank] Handler #366: cycle=206632391
[15:38:02][TRACE][IRQ] IRQ Check #207787000: I_STAT=0x0000, I_MASK=0x004f, SR=0x40000001, Cause=0x80000000, pending=0
[15:38:03][TRACE][INTERCONNECT] IO READ32 #46077500 at 0x00083c58
[15:38:03][TRACE][IRQ] IRQ Check #217699000: I_STAT=0x0000, I_MASK=0x004f, SR=0x40000001, Cause=0x80000000, pending=0
[15:38:03][TRACE][IRQ] IRQ Check #227607000: I_STAT=0x0000, I_MASK=0x004f, SR=0x40000001, Cause=0x80000000, pending=0
[15:38:03][TRACE][INTERCONNECT] IO READ32 #48577500 at 0x00083c58
[15:38:04][TRACE][IRQ] IRQ Check #237519000: I_STAT=0x0000, I_MASK=0x004f, SR=0x40000001, Cause=0x80000000, pending=0
[15:38:04][TRACE][IRQ] IRQ Check #247427000: I_STAT=0x0000, I_MASK=0x004f, SR=0x40000001, Cause=0x80000000, pending=0
[15:38:04][TRACE][INTERCONNECT] IO READ32 #51077500 at 0x00083c58
[15:38:04][TRACE][IRQ] IRQ Check #257339000: I_STAT=0x0000, I_MASK=0x004f, SR=0x40000001, Cause=0x80000000, pending=0
[15:38:05][TRACE][INTERCONNECT] IO READ32 #53577500 at 0x00083c58
[15:38:05][TRACE][IRQ] IRQ Check #267247000: I_STAT=0x0000, I_MASK=0x004f, SR=0x40000001, Cause=0x80000000, pending=0
[15:38:05][DEBUG][TIMER] [VBlank] Handler #489: cycle=276063431
[15:38:05][TRACE][IRQ] IRQ Check #277159000: I_STAT=0x0000, I_MASK=0x004f, SR=0x40000001, Cause=0x80000000, pending=0
[15:38:05][TRACE][INTERCONNECT] IO READ32 #56077500 at 0x00083c58
[15:38:05][TRACE][IRQ] IRQ Check #287067000: I_STAT=0x0000, I_MASK=0x004f, SR=0x40000001, Cause=0x80000000, pending=0
[15:38:06][TRACE][INTERCONNECT] IO READ32 #58577500 at 0x00083c58
[15:38:06][TRACE][IRQ] IRQ Check #296977000: I_STAT=0x0000, I_MASK=0x004f, SR=0x40000001, Cause=0x80000000, pending=0
[15:38:06][TRACE][IRQ] IRQ Check #306889000: I_STAT=0x0000, I_MASK=0x004f, SR=0x40000001, Cause=0x80000000, pending=0
[15:38:06][TRACE][INTERCONNECT] IO READ32 #61077500 at 0x00083c58
[15:38:07][TRACE][IRQ] IRQ Check #316797000: I_STAT=0x0000, I_MASK=0x004f, SR=0x40000001, Cause=0x80000000, pending=0
[15:38:07][TRACE][INTERCONNECT] IO READ32 #63577500 at 0x00083c58
[15:38:07][TRACE][IRQ] IRQ Check #326709000: I_STAT=0x0000, I_MASK=0x004f, SR=0x40000001, Cause=0x80000000, pending=0
[15:38:07][TRACE][IRQ] IRQ Check #336617000: I_STAT=0x0000, I_MASK=0x004f, SR=0x40000001, Cause=0x80000000, pending=0
[15:38:07][TRACE][INTERCONNECT] IO READ32 #66077500 at 0x00083c58
[15:38:08][DEBUG][TIMER] [VBlank] timers_on_vblank called. Timer0 counter reset.
[15:38:08][TRACE][IRQ] IRQ Check #346529000: I_STAT=0x0000, I_MASK=0x004f, SR=0x40000001, Cause=0x80000000, pending=0
[15:38:08][TRACE][INTERCONNECT] IO READ32 #68577500 at 0x00083c58
[15:38:08][TRACE][IRQ] IRQ Check #356437000: I_STAT=0x0000, I_MASK=0x004f, SR=0x40000001, Cause=0x80000000, pending=0
[15:38:09][DEBUG][IRQ] IRQ0 set. I_STAT after=0x0000
[15:38:09][TRACE][INTERCONNECT] IO READ32 #71077500 at 0x00083c58
[15:38:09][TRACE][IRQ] IRQ Check #376257000: I_STAT=0x0000, I_MASK=0x004f, SR=0x40000001, Cause=0x80000000, pending=0
[15:38:09][TRACE][INTERCONNECT] IO READ32 #73577500 at 0x00083c58
[15:38:09][TRACE][IRQ] IRQ Check #386165000: I_STAT=0x0000, I_MASK=0x004f, SR=0x40000001, Cause=0x80000000, pending=0
[15:38:10][TRACE][IRQ] IRQ Check #396077000: I_STAT=0x0000, I_MASK=0x004f, SR=0x40000001, Cause=0x80000000, pending=0
[15:38:10][TRACE][INTERCONNECT] IO READ32 #76077500 at 0x00083c58
[15:38:10][TRACE][IRQ] IRQ Check #405987000: I_STAT=0x0000, I_MASK=0x004f, SR=0x40000001, Cause=0x80000000, pending=0
[15:38:10][TRACE][INTERCONNECT] IO READ32 #78577500 at 0x00083c58
[15:38:10][DEBUG][TIMER] [VBlank] timers_on_vblank called. Timer0 counter reset.
[15:38:11][TRACE][IRQ] IRQ Check #415899000: I_STAT=0x0000, I_MASK=0x004f, SR=0x40000001, Cause=0x80000000, pending=0
[15:38:11][TRACE][IRQ] IRQ Check #425807000: I_STAT=0x0000, I_MASK=0x004f, SR=0x40000001, Cause=0x80000000, pending=0
[15:38:11][TRACE][INTERCONNECT] IO READ32 #81077500 at 0x00083c58
[15:38:11][TRACE][IRQ] IRQ Check #435719000: I_STAT=0x0000, I_MASK=0x004f, SR=0x40000001, Cause=0x80000000, pending=0
[15:38:12][TRACE][INTERCONNECT] IO READ32 #83577500 at 0x00083c58
[15:38:12][TRACE][IRQ] IRQ Check #445627000: I_STAT=0x0000, I_MASK=0x004f, SR=0x40000001, Cause=0x80000000, pending=0
[15:38:12][DEBUG][IRQ] IRQ0 set. I_STAT after=0x0000
[15:38:12][TRACE][INTERCONNECT] IO READ32 #86077500 at 0x00083c58
[15:38:12][TRACE][IRQ] IRQ Check #465447000: I_STAT=0x0000, I_MASK=0x004f, SR=0x40000001, Cause=0x80000000, pending=0
DMA Initialized. DPCR=0x07654321, Channels initialized.
