[14:19:02][TRACE][INTERCONNECT] Write32 to Memory Control register (0x1f801010) = 0x0013243f (Acknowledged)
[14:19:02][TRACE][IRQ] IRQ Check #1000: I_STAT=0x0000, I_MASK=0x0000, SR=0x00010000, Cause=0x00000000, pending=0
[14:19:02][TRACE][BIOS] bios_load32: #1000 offset=0x31C value=0xAD40007C
[14:19:02][TRACE][IRQ] IRQ Check #2000: I_STAT=0x0000, I_MASK=0x0000, SR=0x00000000, Cause=0x00000000, pending=0
[14:19:02][TRACE][BIOS] bios_load32: #2000 offset=0x3BC value=0x20420004
[14:19:02][TRACE][IRQ] IRQ Check #3000: I_STAT=0x0000, I_MASK=0x0000, SR=0x00000000, Cause=0x00000000, pending=0
[14:19:02][TRACE][BIOS] bios_load32: #3000 offset=0x3BC value=0x20420004
[14:19:02][TRACE][IRQ] IRQ Check #4000: I_STAT=0x0000, I_MASK=0x0000, SR=0x00000000, Cause=0x00000000, pending=0
[14:19:02][TRACE][BIOS] bios_load32: #4000 offset=0x3BC value=0x20420004
[14:19:02][TRACE][IRQ] IRQ Check #5000: I_STAT=0x0000, I_MASK=0x0000, SR=0x00000000, Cause=0x00000000, pending=0
[14:19:02][TRACE][BIOS] bios_load32: #5000 offset=0x3BC value=0x20420004
[14:19:02][TRACE][BIOS] bios_load32: #6000 offset=0x3BC value=0x20420004
[14:19:02][TRACE][BIOS] bios_load32: #7000 offset=0x3BC value=0x20420004
[14:19:02][TRACE][BIOS] bios_load32: #8000 offset=0x3BC value=0x20420004
[14:19:02][TRACE][BIOS] bios_load32: #9000 offset=0x3BC value=0x20420004
[14:19:02][TRACE][BIOS] bios_load32: #999000 offset=0x2B68 value=0x90AE0000
[14:19:02][TRACE][INTERCONNECT] IO READ32 #1875500 at 0x1fc02b78
[14:19:02][TRACE][BIOS] bios_load32: #1999000 offset=0x2B78 value=0x1CC0FFFB
[14:19:02][TRACE][DMA] Write32 to DMA region: Addr=0x00000070 Offset=0x00 = 0x076f4321
[14:19:02][TRACE][DMA] SPU FIFO Write16 #10000: value=0x0000
[14:19:02][TRACE][INTERCONNECT] IO READ32 #3514500 at 0x001fecf8
[14:19:02][TRACE][DMA] SPU FIFO Write16 #20000: value=0x0000
[14:19:02][TRACE][IRQ] IRQ Check #9817000: I_STAT=0x0000, I_MASK=0x0003, SR=0x00000001, Cause=0x00000000, pending=0
[14:19:02][TRACE][INTERCONNECT] IO WRITE32 #1556500 at 0x001ffccc = 0x000000a5
[14:19:03][TRACE][INTERCONNECT] IO READ32 #6448500 at 0x00079d9c
[14:19:03][TRACE][IRQ] IRQ Check #19608000: I_STAT=0x0000, I_MASK=0x000b, SR=0x00000001, Cause=0x00000000, pending=0
[14:19:03][TRACE][INTERCONNECT] IO READ32 #7660500 at 0x001ffb98
[14:19:03][TRACE][IRQ] IRQ Check #29457000: I_STAT=0x0000, I_MASK=0x000b, SR=0x00000001, Cause=0x00000000, pending=0
[14:19:04][TRACE][INTERCONNECT] IO READ32 #8923500 at 0x001ffcf4
[14:19:04][TRACE][IRQ] IRQ Check #39369000: I_STAT=0x0000, I_MASK=0x000b, SR=0x00000001, Cause=0x00000000, pending=0
[14:19:04][TRACE][INTERCONNECT] IO READ32 #10731500 at 0x00079d9c
[14:19:04][TRACE][IRQ] IRQ Check #49277000: I_STAT=0x0000, I_MASK=0x000b, SR=0x00000001, Cause=0x00000000, pending=0
[14:19:04][TRACE][INTERCONNECT] IO READ32 #12543500 at 0x001ffcf4
[14:19:05][TRACE][INTERCONNECT] IO READ32 #14315000 at 0x001ffd4c
[14:19:05][TRACE][IRQ] IRQ Check #59189000: I_STAT=0x0000, I_MASK=0x000b, SR=0x00000001, Cause=0x00000000, pending=0
[14:19:05][TRACE][INTERCONNECT] IO READ32 #16125000 at 0x00079d9c
[14:19:05][TRACE][IRQ] IRQ Check #69097000: I_STAT=0x0000, I_MASK=0x000b, SR=0x00000001, Cause=0x00000000, pending=0
[14:19:05][TRACE][INTERCONNECT] IO READ32 #17931000 at 0x00079d9c
[14:19:05][TRACE][DMA] Write32 to DMA region: Addr=0x00000024 Offset=0x04 = 0x00000000
[14:19:05][TRACE][SYSTEM]   Issuing glDrawArrays...
[14:19:06][TRACE][INTERCONNECT] IO WRITE32 #7139500 at 0x001ffd4c = 0x000029d9
[14:19:06][TRACE][IRQ] IRQ Check #79009000: I_STAT=0x0000, I_MASK=0x000b, SR=0x00000001, Cause=0x00000000, pending=0
[14:19:06][TRACE][INTERCONNECT] IO READ32 #21388500 at 0x00079d9c
[14:19:06][TRACE][IRQ] IRQ Check #88919000: I_STAT=0x0000, I_MASK=0x000b, SR=0x00000001, Cause=0x00000000, pending=0
[14:19:06][TRACE][INTERCONNECT] IO READ32 #23101000 at 0x001ffd4c
[14:19:06][TRACE][INTERCONNECT] IO READ32 #24912000 at 0x001ffd4c
[14:19:06][TRACE][IRQ] IRQ Check #98827000: I_STAT=0x0000, I_MASK=0x000b, SR=0x00000001, Cause=0x00000000, pending=0
[14:19:06][TRACE][SYSTEM]   Uploading color data (108 bytes)...
[14:19:07][TRACE][INTERCONNECT] IO READ32 #26720000 at 0x001ffd4c
[14:19:07][TRACE][DMA] Write32 to DMA region: Addr=0x00000020 Offset=0x00 = 0x800ebca4
[14:19:07][TRACE][IRQ] IRQ Check #108739000: I_STAT=0x0000, I_MASK=0x000b, SR=0x00000001, Cause=0x00000000, pending=0
[14:19:07][TRACE][INTERCONNECT] IO READ32 #28531000 at 0x001ffd4c
[14:19:07][TRACE][DMA] Write32 to DMA region: Addr=0x00000064 Offset=0x04 = 0x00000400
[14:19:07][TRACE][IRQ] IRQ Check #118647000: I_STAT=0x0000, I_MASK=0x000b, SR=0x00000001, Cause=0x00000000, pending=0
[14:19:07][TRACE][INTERCONNECT] IO WRITE32 #10654500 at 0x001ffd4c = 0x000072f2
[14:19:08][TRACE][INTERCONNECT] IO READ32 #32150000 at 0x00079d9c
[14:19:08][TRACE][IRQ] IRQ Check #128559000: I_STAT=0x0000, I_MASK=0x000b, SR=0x00000001, Cause=0x00000000, pending=0
[14:19:08][TRACE][GTE] [GTE] Executing instruction: 0x48c8e800
[14:19:08][TRACE][GTE] [GTE] Executing instruction: 0x48c8f000
[14:19:08][TRACE][GTE] [GTE] Executing instruction: 0x48c8d000
[14:19:08][TRACE][GTE] [GTE] Executing instruction: 0x48c8d800
[14:19:08][TRACE][INTERCONNECT] IO READ32 #33960000 at 0x000c9e40
[14:19:08][TRACE][BIOS] bios_load32: #2999000 offset=0x222C value=0xAC239010
[14:19:08][TRACE][IRQ] IRQ Check #138419000: I_STAT=0x0000, I_MASK=0x000f, SR=0x40000001, Cause=0x00000000, pending=0
[14:19:09][TRACE][INTERCONNECT] IO READ16 #2106500 at 0x001ffcae
[14:19:09][TRACE][IRQ] IRQ Check #148331000: I_STAT=0x0000, I_MASK=0x000f, SR=0x40000001, Cause=0x00000000, pending=0
[14:19:09][TRACE][INTERCONNECT] IO READ32 #36111500 at 0x00079d9c
[14:19:09][TRACE][IRQ] IRQ Check #158237000: I_STAT=0x0000, I_MASK=0x004f, SR=0x40000001, Cause=0x00000000, pending=0
[14:19:10][TRACE][IRQ] IRQ Check #168149000: I_STAT=0x0000, I_MASK=0x004f, SR=0x40000001, Cause=0x00000000, pending=0
[14:19:10][TRACE][INTERCONNECT] IO READ32 #38577500 at 0x00083c58
[14:19:10][TRACE][IRQ] IRQ Check #178057000: I_STAT=0x0000, I_MASK=0x004f, SR=0x40000001, Cause=0x00000000, pending=0
[14:19:10][TRACE][INTERCONNECT] IO READ32 #41077500 at 0x00083c58
[14:19:10][TRACE][IRQ] IRQ Check #187971000: I_STAT=0x0000, I_MASK=0x004f, SR=0x40000001, Cause=0x00000000, pending=0
[14:19:11][TRACE][IRQ] IRQ Check #197879000: I_STAT=0x0000, I_MASK=0x004f, SR=0x40000001, Cause=0x00000000, pending=0
