[0.000220] [INFO ] [SYSTEM] File logging enabled: zonistation-debug.log
[0.000381] [INFO ] [SYSTEM] ZonistationOne Logger initialized
[0.004411] [WARN ] [CPU   ] Unknown instruction 0x3c080013 (opcode 0x0f) at PC 0xbfc00004
[0.004533] [WARN ] [CPU   ] Unknown instruction 0x3508243f (opcode 0x0d) at PC 0xbfc00008
[0.004547] [WARN ] [CPU   ] Unknown instruction 0x3c011f80 (opcode 0x0f) at PC 0xbfc0000c
[0.004554] [WARN ] [CPU   ] Unknown instruction 0xac281010 (opcode 0x2b) at PC 0xbfc00010
[0.004560] [WARN ] [CPU   ] Unknown instruction 0x24080b88 (opcode 0x09) at PC 0xbfc00018
[0.004571] [WARN ] [CPU   ] Unknown instruction 0x3c011f80 (opcode 0x0f) at PC 0xbfc0001c
[0.004580] [WARN ] [CPU   ] Unknown instruction 0xac281060 (opcode 0x2b) at PC 0xbfc00020
[0.004588] [WARN ] [CPU   ] Unknown instruction 0x0bf00054 (opcode 0x02) at PC 0xbfc00074
[0.004595] [WARN ] [CPU   ] Unknown instruction 0x003c0800 (opcode 0x00) at PC 0xbfc00084
[0.004601] [WARN ] [CPU   ] Unknown instruction 0x00350834 (opcode 0x00) at PC 0xbfc00088
[0.004606] [WARN ] [CPU   ] Too many unknown instructions, halting
[0.004612] [WARN ] [CORE  ] CPU is halted, stopping emulation
[0.000082] [INFO ] [SYSTEM] File logging enabled: zonistation-debug.log
[0.000255] [INFO ] [SYSTEM] ZonistationOne PS1 Emulator - Starting...
[0.000302] [INFO ] [SYSTEM] Log level set to: INFO
[0.000321] [INFO ] [CORE  ] Creating ZonistationOne emulator instance
[0.000333] [INFO ] [CORE  ] Initializing emulator components...
[0.000344] [INFO ] [SYSTEM] ZonistationOne Logger initialized
[0.000048] [INFO ] [SYSTEM] File logging enabled: zonistation-debug.log
[0.000185] [INFO ] [SYSTEM] ZonistationOne PS1 Emulator - Starting...
[0.000233] [INFO ] [SYSTEM] Log level set to: INFO
[0.000251] [INFO ] [CORE  ] Creating ZonistationOne emulator instance
[0.000298] [INFO ] [CORE  ] Initializing emulator components...
[0.000313] [INFO ] [SYSTEM] ZonistationOne Logger initialized
[0.005436] [INFO ] [MEMORY] Initializing memory subsystem
[0.005604] [INFO ] [MEMORY] RAM size: 2048KB
[0.005675] [INFO ] [MEMORY] VRAM size: 1024KB
[0.005721] [INFO ] [MEMORY] BIOS size: 512KB
[0.005776] [INFO ] [CPU   ] Initializing MIPS R3000A core
[0.005822] [INFO ] [CPU   ] Resetting to initial state
[0.005873] [INFO ] [CPU   ] Initialization complete
[0.005926] [INFO ] [DEBUG ] Debugger initialized
[0.005978] [INFO ] [GPU   ] Initializing graphics subsystem
[0.006035] [INFO ] [GPU   ] Display resolution: 320x240
[0.006084] [INFO ] [SPU   ] Initializing audio subsystem
[0.006133] [INFO ] [CDROM ] Initializing CD-ROM subsystem
[0.006183] [INFO ] [CORE  ] All components initialized successfully
[0.006205] [INFO ] [SYSTEM] Emulator initialized successfully
[0.006227] [INFO ] [CORE  ] Starting emulation loop...
[0.006249] [ERROR] [MEMORY] Attempted to read from unloaded BIOS at 0xbfc00000
[0.006307] [ERROR] [MEMORY] Attempted to read from unloaded BIOS at 0xbfc00001
[0.006393] [ERROR] [MEMORY] Attempted to read from unloaded BIOS at 0xbfc00002
[0.006449] [ERROR] [MEMORY] Attempted to read from unloaded BIOS at 0xbfc00003
[0.006503] [WARN ] [CPU   ] Unknown instruction 0xffffffff (opcode 0x3f) at PC 0xbfc00004
[0.006549] [ERROR] [MEMORY] Attempted to read from unloaded BIOS at 0xbfc00004
[0.006604] [ERROR] [MEMORY] Attempted to read from unloaded BIOS at 0xbfc00005
[0.006631] [ERROR] [MEMORY] Attempted to read from unloaded BIOS at 0xbfc00006
[0.006656] [ERROR] [MEMORY] Attempted to read from unloaded BIOS at 0xbfc00007
[0.006712] [WARN ] [CPU   ] Unknown instruction 0xffffffff (opcode 0x3f) at PC 0xbfc00008
[0.006730] [ERROR] [MEMORY] Attempted to read from unloaded BIOS at 0xbfc00008
[0.006777] [ERROR] [MEMORY] Attempted to read from unloaded BIOS at 0xbfc00009
[0.006826] [ERROR] [MEMORY] Attempted to read from unloaded BIOS at 0xbfc0000a
[0.006875] [ERROR] [MEMORY] Attempted to read from unloaded BIOS at 0xbfc0000b
[0.006897] [WARN ] [CPU   ] Unknown instruction 0xffffffff (opcode 0x3f) at PC 0xbfc0000c
[0.006923] [ERROR] [MEMORY] Attempted to read from unloaded BIOS at 0xbfc0000c
[0.006946] [ERROR] [MEMORY] Attempted to read from unloaded BIOS at 0xbfc0000d
[0.006981] [ERROR] [MEMORY] Attempted to read from unloaded BIOS at 0xbfc0000e
[0.007047] [ERROR] [MEMORY] Attempted to read from unloaded BIOS at 0xbfc0000f
[0.007110] [WARN ] [CPU   ] Unknown instruction 0xffffffff (opcode 0x3f) at PC 0xbfc00010
[0.007157] [ERROR] [MEMORY] Attempted to read from unloaded BIOS at 0xbfc00010
[0.007208] [ERROR] [MEMORY] Attempted to read from unloaded BIOS at 0xbfc00011
[0.007264] [ERROR] [MEMORY] Attempted to read from unloaded BIOS at 0xbfc00012
[0.007341] [ERROR] [MEMORY] Attempted to read from unloaded BIOS at 0xbfc00013
[0.007394] [WARN ] [CPU   ] Unknown instruction 0xffffffff (opcode 0x3f) at PC 0xbfc00014
[0.007455] [ERROR] [MEMORY] Attempted to read from unloaded BIOS at 0xbfc00014
[0.007504] [ERROR] [MEMORY] Attempted to read from unloaded BIOS at 0xbfc00015
[0.007555] [ERROR] [MEMORY] Attempted to read from unloaded BIOS at 0xbfc00016
[0.007634] [ERROR] [MEMORY] Attempted to read from unloaded BIOS at 0xbfc00017
[0.007686] [WARN ] [CPU   ] Unknown instruction 0xffffffff (opcode 0x3f) at PC 0xbfc00018
[0.007735] [ERROR] [MEMORY] Attempted to read from unloaded BIOS at 0xbfc00018
[0.007785] [ERROR] [MEMORY] Attempted to read from unloaded BIOS at 0xbfc00019
[0.007839] [ERROR] [MEMORY] Attempted to read from unloaded BIOS at 0xbfc0001a
[0.007888] [ERROR] [MEMORY] Attempted to read from unloaded BIOS at 0xbfc0001b
[0.007906] [WARN ] [CPU   ] Unknown instruction 0xffffffff (opcode 0x3f) at PC 0xbfc0001c
[0.007955] [ERROR] [MEMORY] Attempted to read from unloaded BIOS at 0xbfc0001c
[0.008007] [ERROR] [MEMORY] Attempted to read from unloaded BIOS at 0xbfc0001d
[0.008034] [ERROR] [MEMORY] Attempted to read from unloaded BIOS at 0xbfc0001e
[0.008086] [ERROR] [MEMORY] Attempted to read from unloaded BIOS at 0xbfc0001f
[0.008139] [WARN ] [CPU   ] Unknown instruction 0xffffffff (opcode 0x3f) at PC 0xbfc00020
[0.008168] [ERROR] [MEMORY] Attempted to read from unloaded BIOS at 0xbfc00020
[0.008194] [ERROR] [MEMORY] Attempted to read from unloaded BIOS at 0xbfc00021
[0.008242] [ERROR] [MEMORY] Attempted to read from unloaded BIOS at 0xbfc00022
[0.008322] [ERROR] [MEMORY] Attempted to read from unloaded BIOS at 0xbfc00023
[0.008370] [WARN ] [CPU   ] Unknown instruction 0xffffffff (opcode 0x3f) at PC 0xbfc00024
[0.008414] [ERROR] [MEMORY] Attempted to read from unloaded BIOS at 0xbfc00024
[0.008462] [ERROR] [MEMORY] Attempted to read from unloaded BIOS at 0xbfc00025
[0.008513] [ERROR] [MEMORY] Attempted to read from unloaded BIOS at 0xbfc00026
[0.008558] [ERROR] [MEMORY] Attempted to read from unloaded BIOS at 0xbfc00027
[0.008633] [WARN ] [CPU   ] Unknown instruction 0xffffffff (opcode 0x3f) at PC 0xbfc00028
[0.008689] [WARN ] [CPU   ] Too many unknown instructions, halting
[0.008737] [WARN ] [CORE  ] CPU is halted, stopping emulation
[0.023135] [INFO ] [CORE  ] Emulation stopped
[0.023316] [INFO ] [CDROM ] Shutting down
[0.023362] [INFO ] [SPU   ] Shutting down
[0.023420] [INFO ] [GPU   ] Shutting down
[0.023465] [INFO ] [DEBUG ] Debugger shutdown
